2026-04-27 10:12:01,861 49607 WARNING ? odoo.tools.config: missing --http-interface/http_interface, using 0.0.0.0 by default, will change to 127.0.0.1 in 20.0 
2026-04-27 10:12:01,861 49607 INFO ? odoo: Odoo version 19.0 
2026-04-27 10:12:01,861 49607 INFO ? odoo: Using configuration file at /home/parth.dave/.odoorc 
2026-04-27 10:12:01,861 49607 INFO ? odoo: addons paths: _NamespacePath(['/home/parth.dave/v19/odoo/odoo/addons', '/home/parth.dave/.local/share/Odoo/addons/19.0', '/home/parth.dave/v19/odoo/addons', '/home/parth.dave/v19/custom_modules/test_project']) 
2026-04-27 10:12:01,861 49607 INFO ? odoo: database: default@default:default 
2026-04-27 10:12:01,864 49607 WARNING ? py.warnings: /home/parth.dave/v19/odoo/odoo/sql_db.py:694: UserWarning: Postgres version is 120022, lower than minimum required 130000
  File "/home/parth.dave/v19/odoo/odoo-bin", line 6, in <module>
    odoo.cli.main()
  File "/home/parth.dave/v19/odoo/odoo/cli/command.py", line 133, in main
    command().run(args)
  File "/home/parth.dave/v19/odoo/odoo/cli/server.py", line 127, in run
    main(args)
  File "/home/parth.dave/v19/odoo/odoo/cli/server.py", line 104, in main
    db._create_empty_database(db_name)
  File "/home/parth.dave/v19/odoo/odoo/service/db.py", line 130, in _create_empty_database
    with closing(db.cursor()) as cr:
  File "/home/parth.dave/v19/odoo/odoo/sql_db.py", line 763, in cursor
    return Cursor(self.__pool, self.__dbname, self.__dsn)
  File "/home/parth.dave/v19/odoo/odoo/sql_db.py", line 365, in __init__
    self._cnx: PsycoConnection = pool.borrow(dsn)
  File "/home/parth.dave/v19/odoo/odoo/tools/func.py", line 88, in locked
    return func(inst, *args, **kwargs)
  File "/home/parth.dave/v19/odoo/odoo/sql_db.py", line 694, in borrow
    warnings.warn(f"Postgres version is {result.server_version}, lower than minimum required {MIN_PG_VERSION * 10000}")
 
2026-04-27 10:12:01,906 49607 WARNING ? py.warnings: /home/parth.dave/v19/odoo19-venv/lib/python3.12/site-packages/requests/__init__.py:113: RequestsDependencyWarning: urllib3 (2.6.3) or chardet (7.0.1)/charset_normalizer (3.4.5) doesn't match a supported version!
  File "/home/parth.dave/v19/odoo/odoo-bin", line 6, in <module>
    odoo.cli.main()
  File "/home/parth.dave/v19/odoo/odoo/cli/command.py", line 133, in main
    command().run(args)
  File "/home/parth.dave/v19/odoo/odoo/cli/server.py", line 127, in run
    main(args)
  File "/home/parth.dave/v19/odoo/odoo/cli/server.py", line 118, in main
    rc = server.start(preload=config['db_name'], stop=stop)
  File "/home/parth.dave/v19/odoo/odoo/service/server.py", line 1546, in start
    load_server_wide_modules()
  File "/home/parth.dave/v19/odoo/odoo/service/server.py", line 1466, in load_server_wide_modules
    load_openerp_module(m)
  File "/home/parth.dave/v19/odoo/odoo/modules/module.py", line 505, in load_openerp_module
    __import__(qualname)
  File "/home/parth.dave/v19/odoo/odoo/addons/base/__init__.py", line 4, in <module>
    from . import models
  File "/home/parth.dave/v19/odoo/odoo/addons/base/models/__init__.py", line 12, in <module>
    from . import ir_actions_report
  File "/home/parth.dave/v19/odoo/odoo/addons/base/models/ir_actions_report.py", line 8, in <module>
    import requests
  File "/home/parth.dave/v19/odoo19-venv/lib/python3.12/site-packages/requests/__init__.py", line 113, in <module>
    warnings.warn(
 
2026-04-27 10:12:02,095 49607 WARNING ? odoo.addons.base.models.res_currency: The num2words python library is not installed, amount-to-text features won't be fully available. 
2026-04-27 10:12:02,108 49607 WARNING ? odoo.addons.web.models.res_partner: `vobject` Python module not found, vcard file generation disabled. Consider installing this module if you want to generate vcard files 
2026-04-27 10:12:02,131 49607 WARNING test_migration_db_7 py.warnings: /home/parth.dave/v19/odoo/odoo/sql_db.py:694: UserWarning: Postgres version is 120022, lower than minimum required 130000
  File "/home/parth.dave/v19/odoo/odoo-bin", line 6, in <module>
    odoo.cli.main()
  File "/home/parth.dave/v19/odoo/odoo/cli/command.py", line 133, in main
    command().run(args)
  File "/home/parth.dave/v19/odoo/odoo/cli/server.py", line 127, in run
    main(args)
  File "/home/parth.dave/v19/odoo/odoo/cli/server.py", line 118, in main
    rc = server.start(preload=config['db_name'], stop=stop)
  File "/home/parth.dave/v19/odoo/odoo/service/server.py", line 1596, in start
    rc = server.run(preload, stop)
  File "/home/parth.dave/v19/odoo/odoo/service/server.py", line 668, in run
    rc = preload_registries(preload)
  File "/home/parth.dave/v19/odoo/odoo/service/server.py", line 1510, in preload_registries
    registry = Registry.new(dbname, update_module=update_module, install_modules=config['init'], upgrade_modules=config['update'], reinit_modules=config['reinit'])
  File "/home/parth.dave/v19/odoo/odoo/tools/func.py", line 88, in locked
    return func(inst, *args, **kwargs)
  File "/home/parth.dave/v19/odoo/odoo/orm/registry.py", line 164, in new
    registry.init(db_name)
  File "/home/parth.dave/v19/odoo/odoo/orm/registry.py", line 301, in init
    with closing(self.cursor()) as cr:
  File "/home/parth.dave/v19/odoo/odoo/orm/registry.py", line 1168, in cursor
    return self._db.cursor()
  File "/home/parth.dave/v19/odoo/odoo/sql_db.py", line 763, in cursor
    return Cursor(self.__pool, self.__dbname, self.__dsn)
  File "/home/parth.dave/v19/odoo/odoo/sql_db.py", line 365, in __init__
    self._cnx: PsycoConnection = pool.borrow(dsn)
  File "/home/parth.dave/v19/odoo/odoo/tools/func.py", line 88, in locked
    return func(inst, *args, **kwargs)
  File "/home/parth.dave/v19/odoo/odoo/sql_db.py", line 694, in borrow
    warnings.warn(f"Postgres version is {result.server_version}, lower than minimum required {MIN_PG_VERSION * 10000}")
 
2026-04-27 10:12:02,154 49607 INFO test_migration_db_7 odoo.modules.loading: Initializing database test_migration_db_7 
2026-04-27 10:12:02,780 49607 INFO test_migration_db_7 odoo.modules.loading: loading 1 modules... 
2026-04-27 10:12:02,781 49607 INFO test_migration_db_7 odoo.modules.loading: Loading module base (1/1) 
2026-04-27 10:12:02,802 49607 INFO test_migration_db_7 odoo.registry: module base: creating or updating database tables 
2026-04-27 10:12:03,127 49607 INFO test_migration_db_7 odoo.models: Prepare computation of ir.module.module.menus_by_module 
2026-04-27 10:12:03,128 49607 INFO test_migration_db_7 odoo.models: Prepare computation of ir.module.module.reports_by_module 
2026-04-27 10:12:03,128 49607 INFO test_migration_db_7 odoo.models: Prepare computation of ir.module.module.views_by_module 
2026-04-27 10:12:03,242 49607 INFO test_migration_db_7 odoo.models: Prepare computation of res.partner.user_id 
2026-04-27 10:12:03,243 49607 INFO test_migration_db_7 odoo.models: Prepare computation of res.partner.commercial_partner_id 
2026-04-27 10:12:03,243 49607 INFO test_migration_db_7 odoo.models: Prepare computation of res.partner.complete_name 
2026-04-27 10:12:03,243 49607 INFO test_migration_db_7 odoo.models: Prepare computation of res.partner.lang 
2026-04-27 10:12:03,243 49607 INFO test_migration_db_7 odoo.models: Prepare computation of res.partner.company_registry 
2026-04-27 10:12:03,243 49607 INFO test_migration_db_7 odoo.models: Prepare computation of res.partner.commercial_company_name 
2026-04-27 10:12:03,243 49607 INFO test_migration_db_7 odoo.models: Prepare computation of res.partner.properties 
2026-04-27 10:12:03,243 49607 INFO test_migration_db_7 odoo.models: Prepare computation of res.partner.partner_share 
2026-04-27 10:12:03,273 49607 INFO test_migration_db_7 odoo.models: Prepare computation of res.currency.decimal_places 
2026-04-27 10:12:03,294 49607 INFO test_migration_db_7 odoo.models: Prepare computation of res.company.uses_default_logo 
2026-04-27 10:12:03,294 49607 INFO test_migration_db_7 odoo.models: Prepare computation of res.company.logo_web 
2026-04-27 10:12:03,297 49607 INFO test_migration_db_7 odoo.models: Computing parent_path for table res_company... 
2026-04-27 10:12:03,324 49607 INFO test_migration_db_7 odoo.models: Prepare computation of res.users.signature 
2026-04-27 10:12:03,324 49607 INFO test_migration_db_7 odoo.models: Prepare computation of res.users.share 
2026-04-27 10:12:04,411 49607 INFO test_migration_db_7 odoo.modules.loading: loading base/data/res_bank.xml 
2026-04-27 10:12:04,414 49607 INFO test_migration_db_7 odoo.modules.loading: loading base/data/res.lang.csv 
2026-04-27 10:12:04,443 49607 INFO test_migration_db_7 odoo.modules.loading: loading base/data/res_lang_data.xml 
2026-04-27 10:12:04,463 49607 INFO test_migration_db_7 odoo.modules.loading: loading base/data/res_partner_data.xml 
2026-04-27 10:12:04,490 49607 INFO test_migration_db_7 odoo.modules.loading: loading base/data/res_currency_data.xml 
2026-04-27 10:12:04,708 49607 INFO test_migration_db_7 odoo.modules.loading: loading base/data/res_company_data.xml 
2026-04-27 10:12:04,713 49607 INFO test_migration_db_7 odoo.modules.loading: loading base/data/res_users_data.xml 
2026-04-27 10:12:05,492 49607 INFO test_migration_db_7 odoo.modules.loading: loading base/data/report_paperformat_data.xml 
2026-04-27 10:12:05,498 49607 INFO test_migration_db_7 odoo.modules.loading: loading base/data/res_country_data.xml 
2026-04-27 10:12:05,799 49607 INFO test_migration_db_7 odoo.modules.loading: loading base/data/ir_demo_data.xml 
2026-04-27 10:12:05,809 49607 INFO test_migration_db_7 odoo.modules.loading: loading base/security/base_groups.xml 
2026-04-27 10:12:05,948 49607 INFO test_migration_db_7 odoo.modules.loading: loading base/security/base_security.xml 
2026-04-27 10:12:06,074 49607 INFO test_migration_db_7 odoo.modules.loading: loading base/wizard/wizard_ir_model_menu_create_views.xml 
2026-04-27 10:12:06,083 49607 INFO test_migration_db_7 odoo.modules.loading: loading base/views/base_menus.xml 
2026-04-27 10:12:06,116 49607 INFO test_migration_db_7 odoo.modules.loading: loading base/views/decimal_precision_views.xml 
2026-04-27 10:12:06,128 49607 INFO test_migration_db_7 odoo.modules.loading: loading base/views/res_config_views.xml 
2026-04-27 10:12:06,133 49607 INFO test_migration_db_7 odoo.modules.loading: loading base/data/res.country.state.csv 
2026-04-27 10:12:06,402 49607 INFO test_migration_db_7 odoo.modules.loading: loading base/views/ir_actions_views.xml 
2026-04-27 10:12:06,501 49607 INFO test_migration_db_7 odoo.modules.loading: loading base/views/ir_asset_views.xml 
2026-04-27 10:12:06,513 49607 INFO test_migration_db_7 odoo.modules.loading: loading base/views/ir_config_parameter_views.xml 
2026-04-27 10:12:06,528 49607 INFO test_migration_db_7 odoo.modules.loading: loading base/views/ir_cron_views.xml 
2026-04-27 10:12:06,552 49607 INFO test_migration_db_7 odoo.modules.loading: loading base/views/ir_cron_trigger_views.xml 
2026-04-27 10:12:06,565 49607 INFO test_migration_db_7 odoo.modules.loading: loading base/views/ir_filters_views.xml 
2026-04-27 10:12:06,581 49607 INFO test_migration_db_7 odoo.modules.loading: loading base/views/ir_mail_server_views.xml 
2026-04-27 10:12:06,595 49607 INFO test_migration_db_7 odoo.modules.loading: loading base/views/ir_model_views.xml 
2026-04-27 10:12:06,684 49607 INFO test_migration_db_7 odoo.modules.loading: loading base/views/ir_attachment_views.xml 
2026-04-27 10:12:06,699 49607 INFO test_migration_db_7 odoo.modules.loading: loading base/views/ir_rule_views.xml 
2026-04-27 10:12:06,712 49607 INFO test_migration_db_7 odoo.modules.loading: loading base/views/ir_sequence_views.xml 
2026-04-27 10:12:06,727 49607 INFO test_migration_db_7 odoo.modules.loading: loading base/views/ir_ui_menu_views.xml 
2026-04-27 10:12:06,740 49607 INFO test_migration_db_7 odoo.modules.loading: loading base/views/ir_ui_view_views.xml 
2026-04-27 10:12:06,775 49607 INFO test_migration_db_7 odoo.modules.loading: loading base/views/ir_default_views.xml 
2026-04-27 10:12:06,792 49607 INFO test_migration_db_7 odoo.modules.loading: loading base/data/ir_config_parameter_data.xml 
2026-04-27 10:12:06,795 49607 INFO test_migration_db_7 odoo.modules.loading: loading base/data/ir_cron_data.xml 
2026-04-27 10:12:06,804 49607 INFO test_migration_db_7 odoo.modules.loading: loading base/report/ir_model_report.xml 
2026-04-27 10:12:06,806 49607 INFO test_migration_db_7 odoo.modules.loading: loading base/report/ir_model_templates.xml 
2026-04-27 10:12:06,812 49607 INFO test_migration_db_7 odoo.modules.loading: loading base/views/ir_logging_views.xml 
2026-04-27 10:12:06,825 49607 INFO test_migration_db_7 odoo.modules.loading: loading base/views/ir_qweb_widget_templates.xml 
2026-04-27 10:12:06,834 49607 INFO test_migration_db_7 odoo.modules.loading: loading base/views/ir_module_views.xml 
2026-04-27 10:12:06,873 49607 INFO test_migration_db_7 odoo.modules.loading: loading base/data/ir_module_category_data.xml 
2026-04-27 10:12:06,892 49607 INFO test_migration_db_7 odoo.modules.loading: loading base/data/ir_module_module.xml 
2026-04-27 10:12:06,923 49607 INFO test_migration_db_7 odoo.modules.loading: loading base/report/ir_module_reports.xml 
2026-04-27 10:12:06,925 49607 INFO test_migration_db_7 odoo.modules.loading: loading base/report/ir_module_report_templates.xml 
2026-04-27 10:12:06,930 49607 INFO test_migration_db_7 odoo.modules.loading: loading base/wizard/base_module_update_views.xml 
2026-04-27 10:12:06,938 49607 INFO test_migration_db_7 odoo.modules.loading: loading base/wizard/base_language_install_views.xml 
2026-04-27 10:12:06,947 49607 INFO test_migration_db_7 odoo.modules.loading: loading base/wizard/base_import_language_views.xml 
2026-04-27 10:12:06,957 49607 INFO test_migration_db_7 odoo.modules.loading: loading base/wizard/base_module_upgrade_views.xml 
2026-04-27 10:12:06,967 49607 INFO test_migration_db_7 odoo.modules.loading: loading base/wizard/base_module_uninstall_views.xml 
2026-04-27 10:12:06,973 49607 INFO test_migration_db_7 odoo.modules.loading: loading base/wizard/base_export_language_views.xml 
2026-04-27 10:12:06,982 49607 INFO test_migration_db_7 odoo.modules.loading: loading base/wizard/base_partner_merge_views.xml 
2026-04-27 10:12:06,992 49607 INFO test_migration_db_7 odoo.modules.loading: loading base/data/ir_demo_failure_data.xml 
2026-04-27 10:12:07,003 49607 INFO test_migration_db_7 odoo.modules.loading: loading base/views/ir_profile_views.xml 
2026-04-27 10:12:07,017 49607 INFO test_migration_db_7 odoo.modules.loading: loading base/views/res_company_views.xml 
2026-04-27 10:12:07,032 49607 INFO test_migration_db_7 odoo.modules.loading: loading base/views/res_lang_views.xml 
2026-04-27 10:12:07,044 49607 INFO test_migration_db_7 odoo.modules.loading: loading base/views/res_partner_views.xml 
2026-04-27 10:12:07,105 49607 INFO test_migration_db_7 odoo.modules.loading: loading base/views/res_bank_views.xml 
2026-04-27 10:12:07,127 49607 INFO test_migration_db_7 odoo.modules.loading: loading base/views/res_country_views.xml 
2026-04-27 10:12:07,154 49607 INFO test_migration_db_7 odoo.modules.loading: loading base/views/res_currency_views.xml 
2026-04-27 10:12:07,184 49607 INFO test_migration_db_7 odoo.modules.loading: loading base/views/res_groups_views.xml 
2026-04-27 10:12:07,225 49607 INFO test_migration_db_7 odoo.modules.loading: loading base/views/res_users_views.xml 
2026-04-27 10:12:07,303 49607 INFO test_migration_db_7 odoo.modules.loading: loading base/views/res_users_apikeys_views.xml 
2026-04-27 10:12:07,307 49607 INFO test_migration_db_7 odoo.modules.loading: loading base/views/res_device_views.xml 
2026-04-27 10:12:07,321 49607 INFO test_migration_db_7 odoo.modules.loading: loading base/views/res_users_identitycheck_views.xml 
2026-04-27 10:12:07,327 49607 INFO test_migration_db_7 odoo.modules.loading: loading base/views/res_config_settings_views.xml 
2026-04-27 10:12:07,333 49607 INFO test_migration_db_7 odoo.modules.loading: loading base/views/report_paperformat_views.xml 
2026-04-27 10:12:07,347 49607 INFO test_migration_db_7 odoo.modules.loading: loading base/security/ir.model.access.csv 
2026-04-27 10:12:07,440 49607 INFO test_migration_db_7 odoo.modules.loading: Module base loaded in 4.66s, 8397 queries (+8397 other) 
2026-04-27 10:12:07,440 49607 INFO test_migration_db_7 odoo.modules.loading: 1 modules loaded in 4.66s, 8397 queries (+8397 extra) 
2026-04-27 10:12:07,443 49607 INFO test_migration_db_7 odoo.modules.loading: updating modules list 
2026-04-27 10:12:07,444 49607 INFO test_migration_db_7 odoo.addons.base.models.ir_module: ALLOW access to module.update_list on [] to user __system__ #1 via n/a 
2026-04-27 10:12:07,883 49607 INFO test_migration_db_7 odoo.addons.base.models.ir_module: ALLOW access to module.button_install on ['Helpdesk Management'] to user __system__ #1 via n/a 
2026-04-27 10:12:07,943 49607 INFO test_migration_db_7 odoo.modules.loading: loading 45 modules... 
2026-04-27 10:12:07,943 49607 INFO test_migration_db_7 odoo.modules.loading: Loading module rpc (2/45) 
2026-04-27 10:12:07,956 49607 INFO test_migration_db_7 odoo.modules.loading: Module rpc loaded in 0.01s, 9 queries (+9 other) 
2026-04-27 10:12:07,956 49607 INFO test_migration_db_7 odoo.modules.loading: Loading module web (3/45) 
2026-04-27 10:12:07,977 49607 INFO test_migration_db_7 odoo.registry: module web: creating or updating database tables 
2026-04-27 10:12:08,301 49607 INFO test_migration_db_7 odoo.modules.loading: loading web/security/ir.model.access.csv 
2026-04-27 10:12:08,306 49607 INFO test_migration_db_7 odoo.modules.loading: loading web/security/web_security.xml 
2026-04-27 10:12:08,314 49607 INFO test_migration_db_7 odoo.modules.loading: loading web/views/webclient_templates.xml 
2026-04-27 10:12:08,346 49607 INFO test_migration_db_7 odoo.modules.loading: loading web/views/report_templates.xml 
2026-04-27 10:12:08,416 49607 INFO test_migration_db_7 odoo.modules.loading: loading web/views/base_document_layout_views.xml 
2026-04-27 10:12:08,427 49607 INFO test_migration_db_7 odoo.modules.loading: loading web/views/partner_view.xml 
2026-04-27 10:12:08,431 49607 INFO test_migration_db_7 odoo.modules.loading: loading web/views/speedscope_template.xml 
2026-04-27 10:12:08,435 49607 INFO test_migration_db_7 odoo.modules.loading: loading web/views/memory_template.xml 
2026-04-27 10:12:08,440 49607 INFO test_migration_db_7 odoo.modules.loading: loading web/views/speedscope_config_wizard.xml 
2026-04-27 10:12:08,445 49607 INFO test_migration_db_7 odoo.modules.loading: loading web/views/neutralize_views.xml 
2026-04-27 10:12:08,451 49607 INFO test_migration_db_7 odoo.modules.loading: loading web/views/ir_ui_view_views.xml 
2026-04-27 10:12:08,458 49607 INFO test_migration_db_7 odoo.modules.loading: loading web/data/ir_attachment.xml 
2026-04-27 10:12:08,461 49607 INFO test_migration_db_7 odoo.modules.loading: loading web/data/report_layout.xml 
2026-04-27 10:12:08,491 49607 INFO test_migration_db_7 odoo.modules.loading: Module web loaded in 0.53s, 1232 queries (+1232 other) 
2026-04-27 10:12:08,491 49607 INFO test_migration_db_7 odoo.modules.loading: Loading module api_doc (4/45) 
2026-04-27 10:12:08,495 49607 INFO test_migration_db_7 odoo.registry: module api_doc: creating or updating database tables 
2026-04-27 10:12:08,507 49607 INFO test_migration_db_7 odoo.modules.loading: loading api_doc/security/res_groups.xml 
2026-04-27 10:12:08,522 49607 INFO test_migration_db_7 odoo.modules.loading: loading api_doc/views/docclient.xml 
2026-04-27 10:12:08,533 49607 INFO test_migration_db_7 odoo.modules.loading: Module api_doc loaded in 0.04s, 63 queries (+63 other) 
2026-04-27 10:12:08,533 49607 INFO test_migration_db_7 odoo.modules.loading: Loading module auth_totp (5/45) 
2026-04-27 10:12:08,544 49607 INFO test_migration_db_7 odoo.registry: module auth_totp: creating or updating database tables 
2026-04-27 10:12:08,615 49607 INFO test_migration_db_7 odoo.modules.loading: loading auth_totp/security/security.xml 
2026-04-27 10:12:08,628 49607 INFO test_migration_db_7 odoo.modules.loading: loading auth_totp/security/ir.model.access.csv 
2026-04-27 10:12:08,632 49607 INFO test_migration_db_7 odoo.modules.loading: loading auth_totp/data/ir_action_data.xml 
2026-04-27 10:12:08,636 49607 INFO test_migration_db_7 odoo.modules.loading: loading auth_totp/views/res_users_views.xml 
2026-04-27 10:12:08,655 49607 INFO test_migration_db_7 odoo.modules.loading: loading auth_totp/views/templates.xml 
2026-04-27 10:12:08,663 49607 INFO test_migration_db_7 odoo.modules.loading: loading auth_totp/wizard/auth_totp_wizard_views.xml 
2026-04-27 10:12:08,676 49607 INFO test_migration_db_7 odoo.modules.loading: Module auth_totp loaded in 0.14s, 218 queries (+218 other) 
2026-04-27 10:12:08,676 49607 INFO test_migration_db_7 odoo.modules.loading: Loading module base_import (6/45) 
2026-04-27 10:12:08,699 49607 INFO test_migration_db_7 odoo.registry: module base_import: creating or updating database tables 
2026-04-27 10:12:09,026 49607 INFO test_migration_db_7 odoo.modules.loading: loading base_import/security/ir.model.access.csv 
2026-04-27 10:12:09,036 49607 INFO test_migration_db_7 odoo.modules.loading: Module base_import loaded in 0.36s, 956 queries (+956 other) 
2026-04-27 10:12:09,036 49607 INFO test_migration_db_7 odoo.modules.loading: Loading module base_import_module (7/45) 
2026-04-27 10:12:09,040 49607 INFO test_migration_db_7 odoo.registry: module base_import_module: creating or updating database tables 
2026-04-27 10:12:09,086 49607 INFO test_migration_db_7 odoo.modules.loading: loading base_import_module/security/ir.model.access.csv 
2026-04-27 10:12:09,090 49607 INFO test_migration_db_7 odoo.modules.loading: loading base_import_module/views/base_import_module_view.xml 
2026-04-27 10:12:09,101 49607 INFO test_migration_db_7 odoo.modules.loading: loading base_import_module/views/ir_module_views.xml 
2026-04-27 10:12:09,129 49607 INFO test_migration_db_7 odoo.modules.loading: Module base_import_module loaded in 0.09s, 172 queries (+172 other) 
2026-04-27 10:12:09,129 49607 INFO test_migration_db_7 odoo.modules.loading: Loading module base_setup (8/45) 
2026-04-27 10:12:09,135 49607 INFO test_migration_db_7 odoo.registry: module base_setup: creating or updating database tables 
2026-04-27 10:12:09,164 49607 INFO test_migration_db_7 odoo.modules.loading: loading base_setup/data/base_setup_data.xml 
2026-04-27 10:12:09,167 49607 INFO test_migration_db_7 odoo.modules.loading: loading base_setup/views/res_config_settings_views.xml 
2026-04-27 10:12:09,186 49607 INFO test_migration_db_7 odoo.modules.loading: loading base_setup/views/res_partner_views.xml 
2026-04-27 10:12:09,199 49607 INFO test_migration_db_7 odoo.modules.loading: Module base_setup loaded in 0.07s, 152 queries (+152 other) 
2026-04-27 10:12:09,199 49607 INFO test_migration_db_7 odoo.modules.loading: Loading module bus (9/45) 
2026-04-27 10:12:09,214 49607 INFO test_migration_db_7 odoo.registry: module bus: creating or updating database tables 
2026-04-27 10:12:09,283 49607 INFO test_migration_db_7 odoo.modules.loading: loading bus/security/ir.model.access.csv 
2026-04-27 10:12:09,291 49607 INFO test_migration_db_7 odoo.modules.loading: Module bus loaded in 0.09s, 152 queries (+152 other) 
2026-04-27 10:12:09,291 49607 INFO test_migration_db_7 odoo.modules.loading: Loading module http_routing (10/45) 
2026-04-27 10:12:09,295 49607 INFO test_migration_db_7 odoo.registry: module http_routing: creating or updating database tables 
2026-04-27 10:12:09,308 49607 INFO test_migration_db_7 odoo.modules.loading: loading http_routing/views/http_routing_template.xml 
2026-04-27 10:12:09,337 49607 INFO test_migration_db_7 odoo.modules.loading: loading http_routing/views/res_lang_views.xml 
2026-04-27 10:12:09,356 49607 INFO test_migration_db_7 odoo.modules.loading: Module http_routing loaded in 0.06s, 114 queries (+114 other) 
2026-04-27 10:12:09,356 49607 INFO test_migration_db_7 odoo.modules.loading: Loading module resource (11/45) 
2026-04-27 10:12:09,366 49607 INFO test_migration_db_7 odoo.registry: module resource: creating or updating database tables 
2026-04-27 10:12:09,474 49607 INFO test_migration_db_7 odoo.modules.loading: loading resource/data/resource_data.xml 
2026-04-27 10:12:09,484 49607 INFO test_migration_db_7 odoo.modules.loading: loading resource/security/ir.model.access.csv 
2026-04-27 10:12:09,490 49607 INFO test_migration_db_7 odoo.modules.loading: loading resource/security/resource_security.xml 
2026-04-27 10:12:09,504 49607 INFO test_migration_db_7 odoo.modules.loading: loading resource/views/resource_resource_views.xml 
2026-04-27 10:12:09,519 49607 INFO test_migration_db_7 odoo.modules.loading: loading resource/views/resource_calendar_leaves_views.xml 
2026-04-27 10:12:09,539 49607 INFO test_migration_db_7 odoo.modules.loading: loading resource/views/resource_calendar_attendance_views.xml 
2026-04-27 10:12:09,548 49607 INFO test_migration_db_7 odoo.modules.loading: loading resource/views/resource_calendar_views.xml 
2026-04-27 10:12:09,564 49607 INFO test_migration_db_7 odoo.modules.loading: loading resource/views/menuitems.xml 
2026-04-27 10:12:09,578 49607 INFO test_migration_db_7 odoo.modules.loading: Module resource loaded in 0.22s, 414 queries (+414 other) 
2026-04-27 10:12:09,578 49607 INFO test_migration_db_7 odoo.modules.loading: Loading module utm (12/45) 
2026-04-27 10:12:09,583 49607 INFO test_migration_db_7 odoo.registry: module utm: creating or updating database tables 
2026-04-27 10:12:09,680 49607 INFO test_migration_db_7 odoo.modules.loading: loading utm/data/utm_medium_data.xml 
2026-04-27 10:12:09,690 49607 INFO test_migration_db_7 odoo.modules.loading: loading utm/data/utm_source_data.xml 
2026-04-27 10:12:09,698 49607 INFO test_migration_db_7 odoo.modules.loading: loading utm/data/utm_stage_data.xml 
2026-04-27 10:12:09,700 49607 INFO test_migration_db_7 odoo.modules.loading: loading utm/data/utm_tag_data.xml 
2026-04-27 10:12:09,703 49607 INFO test_migration_db_7 odoo.modules.loading: loading utm/views/utm_campaign_views.xml 
2026-04-27 10:12:09,721 49607 INFO test_migration_db_7 odoo.modules.loading: loading utm/views/utm_medium_views.xml 
2026-04-27 10:12:09,730 49607 INFO test_migration_db_7 odoo.modules.loading: loading utm/views/utm_source_views.xml 
2026-04-27 10:12:09,738 49607 INFO test_migration_db_7 odoo.modules.loading: loading utm/views/utm_stage_views.xml 
2026-04-27 10:12:09,747 49607 INFO test_migration_db_7 odoo.modules.loading: loading utm/views/utm_tag_views.xml 
2026-04-27 10:12:09,752 49607 INFO test_migration_db_7 odoo.modules.loading: loading utm/views/utm_menus.xml 
2026-04-27 10:12:09,763 49607 INFO test_migration_db_7 odoo.modules.loading: loading utm/security/ir.model.access.csv 
2026-04-27 10:12:09,778 49607 INFO test_migration_db_7 odoo.modules.loading: Module utm loaded in 0.20s, 410 queries (+410 other) 
2026-04-27 10:12:09,778 49607 INFO test_migration_db_7 odoo.modules.loading: Loading module web_tour (13/45) 
2026-04-27 10:12:09,785 49607 INFO test_migration_db_7 odoo.registry: module web_tour: creating or updating database tables 
2026-04-27 10:12:09,790 49607 INFO test_migration_db_7 odoo.models: Prepare computation of res.users.tour_enabled 
2026-04-27 10:12:09,861 49607 INFO test_migration_db_7 odoo.modules.loading: loading web_tour/security/ir.model.access.csv 
2026-04-27 10:12:09,868 49607 INFO test_migration_db_7 odoo.modules.loading: loading web_tour/views/tour_views.xml 
2026-04-27 10:12:09,898 49607 INFO test_migration_db_7 odoo.modules.loading: Module web_tour loaded in 0.12s, 180 queries (+180 other) 
2026-04-27 10:12:09,898 49607 INFO test_migration_db_7 odoo.modules.loading: Loading module auth_passkey (14/45) 
2026-04-27 10:12:09,924 49607 INFO test_migration_db_7 odoo.registry: module auth_passkey: creating or updating database tables 
2026-04-27 10:12:09,984 49607 INFO test_migration_db_7 odoo.modules.loading: loading auth_passkey/views/auth_passkey_key_views.xml 
2026-04-27 10:12:10,001 49607 INFO test_migration_db_7 odoo.modules.loading: loading auth_passkey/views/auth_passkey_login_templates.xml 
2026-04-27 10:12:10,009 49607 INFO test_migration_db_7 odoo.modules.loading: loading auth_passkey/views/res_users_identitycheck_views.xml 
2026-04-27 10:12:10,015 49607 INFO test_migration_db_7 odoo.modules.loading: loading auth_passkey/views/res_users_views.xml 
2026-04-27 10:12:10,029 49607 INFO test_migration_db_7 odoo.modules.loading: loading auth_passkey/security/ir.model.access.csv 
2026-04-27 10:12:10,034 49607 INFO test_migration_db_7 odoo.modules.loading: loading auth_passkey/security/security.xml 
2026-04-27 10:12:10,050 49607 INFO test_migration_db_7 odoo.modules.loading: Module auth_passkey loaded in 0.15s, 218 queries (+218 other) 
2026-04-27 10:12:10,050 49607 INFO test_migration_db_7 odoo.modules.loading: Loading module html_editor (15/45) 
2026-04-27 10:12:10,161 49607 INFO test_migration_db_7 odoo.registry: module html_editor: creating or updating database tables 
2026-04-27 10:12:10,530 49607 INFO test_migration_db_7 odoo.modules.loading: loading html_editor/security/ir.model.access.csv 
2026-04-27 10:12:10,541 49607 INFO test_migration_db_7 odoo.modules.loading: Module html_editor loaded in 0.49s, 1110 queries (+1110 other) 
2026-04-27 10:12:10,541 49607 INFO test_migration_db_7 odoo.modules.loading: Loading module iap (16/45) 
2026-04-27 10:12:10,544 49607 INFO test_migration_db_7 odoo.registry: module iap: creating or updating database tables 
2026-04-27 10:12:10,598 49607 INFO test_migration_db_7 odoo.modules.loading: loading iap/data/services.xml 
2026-04-27 10:12:10,602 49607 INFO test_migration_db_7 odoo.modules.loading: loading iap/security/ir.model.access.csv 
2026-04-27 10:12:10,607 49607 INFO test_migration_db_7 odoo.modules.loading: loading iap/security/ir_rule.xml 
2026-04-27 10:12:10,611 49607 INFO test_migration_db_7 odoo.modules.loading: loading iap/views/iap_views.xml 
2026-04-27 10:12:10,628 49607 INFO test_migration_db_7 odoo.modules.loading: loading iap/views/res_config_settings.xml 
2026-04-27 10:12:10,643 49607 INFO test_migration_db_7 odoo.modules.loading: Module iap loaded in 0.10s, 182 queries (+182 other) 
2026-04-27 10:12:10,643 49607 INFO test_migration_db_7 odoo.modules.loading: Loading module mail (17/45) 
2026-04-27 10:12:10,688 49607 INFO test_migration_db_7 odoo.registry: module mail: creating or updating database tables 
2026-04-27 10:12:10,984 49607 INFO test_migration_db_7 odoo.models: Prepare computation of ir.actions.server.partner_ids 
2026-04-27 10:12:10,984 49607 INFO test_migration_db_7 odoo.models: Prepare computation of ir.actions.server.activity_user_id 
2026-04-27 10:12:10,984 49607 INFO test_migration_db_7 odoo.models: Prepare computation of ir.actions.server.activity_type_id 
2026-04-27 10:12:10,984 49607 INFO test_migration_db_7 odoo.models: Prepare computation of ir.actions.server.template_id 
2026-04-27 10:12:10,984 49607 INFO test_migration_db_7 odoo.models: Prepare computation of ir.actions.server.activity_date_deadline_range 
2026-04-27 10:12:10,984 49607 INFO test_migration_db_7 odoo.models: Prepare computation of ir.actions.server.activity_summary 
2026-04-27 10:12:10,984 49607 INFO test_migration_db_7 odoo.models: Prepare computation of ir.actions.server.followers_type 
2026-04-27 10:12:10,984 49607 INFO test_migration_db_7 odoo.models: Prepare computation of ir.actions.server.followers_partner_field_name 
2026-04-27 10:12:10,984 49607 INFO test_migration_db_7 odoo.models: Prepare computation of ir.actions.server.mail_post_method 
2026-04-27 10:12:10,984 49607 INFO test_migration_db_7 odoo.models: Prepare computation of ir.actions.server.activity_date_deadline_range_type 
2026-04-27 10:12:10,984 49607 INFO test_migration_db_7 odoo.models: Prepare computation of ir.actions.server.activity_user_type 
2026-04-27 10:12:10,984 49607 INFO test_migration_db_7 odoo.models: Prepare computation of ir.actions.server.activity_user_field_name 
2026-04-27 10:12:10,984 49607 INFO test_migration_db_7 odoo.models: Prepare computation of ir.actions.server.activity_note 
2026-04-27 10:12:10,984 49607 INFO test_migration_db_7 odoo.models: Prepare computation of ir.actions.server.mail_post_autofollow 
2026-04-27 10:12:11,041 49607 INFO test_migration_db_7 odoo.models: Prepare computation of res.users.notification_type 
2026-04-27 10:12:11,138 49607 INFO test_migration_db_7 odoo.models: Prepare computation of res.partner.email_normalized 
<string>:38: (ERROR/3) Unexpected indentation.
<string>:43: (WARNING/2) Block quote ends without a blank line; unexpected unindent.
2026-04-27 10:12:12,269 49607 INFO test_migration_db_7 odoo.modules.loading: loading mail/data/mail_groups.xml 
2026-04-27 10:12:12,286 49607 INFO test_migration_db_7 odoo.modules.loading: loading mail/wizard/mail_activity_schedule_views.xml 
2026-04-27 10:12:12,297 49607 INFO test_migration_db_7 odoo.modules.loading: loading mail/wizard/mail_blacklist_remove_views.xml 
2026-04-27 10:12:12,303 49607 INFO test_migration_db_7 odoo.modules.loading: loading mail/wizard/mail_compose_message_views.xml 
2026-04-27 10:12:12,317 49607 INFO test_migration_db_7 odoo.modules.loading: loading mail/wizard/mail_template_preview_views.xml 
2026-04-27 10:12:12,326 49607 INFO test_migration_db_7 odoo.modules.loading: loading mail/wizard/mail_followers_edit_views.xml 
2026-04-27 10:12:12,334 49607 INFO test_migration_db_7 odoo.modules.loading: loading mail/wizard/mail_template_reset_views.xml 
2026-04-27 10:12:12,343 49607 INFO test_migration_db_7 odoo.modules.loading: loading mail/views/fetchmail_views.xml 
2026-04-27 10:12:12,358 49607 INFO test_migration_db_7 odoo.modules.loading: loading mail/views/ir_cron_views.xml 
2026-04-27 10:12:12,368 49607 INFO test_migration_db_7 odoo.modules.loading: loading mail/views/ir_filters_views.xml 
2026-04-27 10:12:12,381 49607 INFO test_migration_db_7 odoo.modules.loading: loading mail/views/ir_mail_server_views.xml 
2026-04-27 10:12:12,390 49607 INFO test_migration_db_7 odoo.modules.loading: loading mail/views/mail_message_subtype_views.xml 
2026-04-27 10:12:12,400 49607 INFO test_migration_db_7 odoo.modules.loading: loading mail/views/mail_tracking_value_views.xml 
2026-04-27 10:12:12,411 49607 INFO test_migration_db_7 odoo.modules.loading: loading mail/views/mail_notification_views.xml 
2026-04-27 10:12:12,422 49607 INFO test_migration_db_7 odoo.modules.loading: loading mail/views/mail_message_views.xml 
2026-04-27 10:12:12,444 49607 INFO test_migration_db_7 odoo.modules.loading: loading mail/views/mail_message_schedule_views.xml 
2026-04-27 10:12:12,458 49607 INFO test_migration_db_7 odoo.modules.loading: loading mail/views/mail_mail_views.xml 
2026-04-27 10:12:12,478 49607 INFO test_migration_db_7 odoo.modules.loading: loading mail/views/mail_followers_views.xml 
2026-04-27 10:12:12,489 49607 INFO test_migration_db_7 odoo.modules.loading: loading mail/views/mail_ice_server_views.xml 
2026-04-27 10:12:12,507 49607 INFO test_migration_db_7 odoo.modules.loading: loading mail/views/discuss_channel_member_views.xml 
2026-04-27 10:12:12,515 49607 INFO test_migration_db_7 odoo.modules.loading: loading mail/views/discuss_channel_rtc_session_views.xml 
2026-04-27 10:12:12,529 49607 INFO test_migration_db_7 odoo.modules.loading: loading mail/views/mail_link_preview_views.xml 
2026-04-27 10:12:12,543 49607 INFO test_migration_db_7 odoo.modules.loading: loading mail/views/discuss/discuss_gif_favorite_views.xml 
2026-04-27 10:12:12,554 49607 INFO test_migration_db_7 odoo.modules.loading: loading mail/views/discuss_channel_views.xml 
2026-04-27 10:12:12,581 49607 INFO test_migration_db_7 odoo.modules.loading: loading mail/views/mail_canned_response_views.xml 
2026-04-27 10:12:12,604 49607 INFO test_migration_db_7 odoo.modules.loading: loading mail/views/res_role_views.xml 
2026-04-27 10:12:12,616 49607 INFO test_migration_db_7 odoo.modules.loading: loading mail/views/mail_activity_views.xml 
2026-04-27 10:12:12,698 49607 INFO test_migration_db_7 odoo.modules.loading: loading mail/views/mail_activity_plan_views.xml 
2026-04-27 10:12:12,734 49607 INFO test_migration_db_7 odoo.modules.loading: loading mail/views/mail_activity_plan_template_views.xml 
2026-04-27 10:12:12,744 49607 INFO test_migration_db_7 odoo.modules.loading: loading mail/views/res_config_settings_views.xml 
2026-04-27 10:12:12,764 49607 INFO test_migration_db_7 odoo.modules.loading: loading mail/data/ir_config_parameter_data.xml 
2026-04-27 10:12:12,769 49607 INFO test_migration_db_7 odoo.modules.loading: loading mail/data/res_partner_data.xml 
2026-04-27 10:12:12,826 49607 INFO test_migration_db_7 odoo.modules.loading: loading mail/data/mail_message_subtype_data.xml 
2026-04-27 10:12:12,831 49607 INFO test_migration_db_7 odoo.modules.loading: loading mail/data/mail_templates_chatter.xml 
2026-04-27 10:12:12,846 49607 INFO test_migration_db_7 odoo.modules.loading: loading mail/data/mail_templates_email_layouts.xml 
2026-04-27 10:12:12,864 49607 INFO test_migration_db_7 odoo.modules.loading: loading mail/data/mail_templates_mailgateway.xml 
2026-04-27 10:12:12,879 49607 INFO test_migration_db_7 odoo.modules.loading: loading mail/data/discuss_channel_data.xml 
2026-04-27 10:12:12,909 49607 INFO test_migration_db_7 odoo.modules.loading: loading mail/data/mail_activity_type_data.xml 
2026-04-27 10:12:12,916 49607 INFO test_migration_db_7 odoo.modules.loading: loading mail/data/security_notifications_templates.xml 
2026-04-27 10:12:12,923 49607 INFO test_migration_db_7 odoo.modules.loading: loading mail/data/ir_cron_data.xml 
2026-04-27 10:12:13,003 49607 INFO test_migration_db_7 odoo.modules.loading: loading mail/data/ir_actions_client.xml 
2026-04-27 10:12:13,007 49607 INFO test_migration_db_7 odoo.modules.loading: loading mail/security/mail_security.xml 
2026-04-27 10:12:13,123 49607 INFO test_migration_db_7 odoo.modules.loading: loading mail/security/ir.model.access.csv 
2026-04-27 10:12:13,156 49607 INFO test_migration_db_7 odoo.modules.loading: loading mail/views/discuss_public_templates.xml 
2026-04-27 10:12:13,160 49607 INFO test_migration_db_7 odoo.modules.loading: loading mail/views/mail_alias_domain_views.xml 
2026-04-27 10:12:13,175 49607 INFO test_migration_db_7 odoo.modules.loading: loading mail/views/mail_alias_views.xml 
2026-04-27 10:12:13,193 49607 INFO test_migration_db_7 odoo.modules.loading: loading mail/views/mail_gateway_allowed_views.xml 
2026-04-27 10:12:13,203 49607 INFO test_migration_db_7 odoo.modules.loading: loading mail/views/mail_guest_views.xml 
2026-04-27 10:12:13,213 49607 INFO test_migration_db_7 odoo.modules.loading: loading mail/views/mail_message_reaction_views.xml 
2026-04-27 10:12:13,225 49607 INFO test_migration_db_7 odoo.modules.loading: loading mail/views/mail_templates_public.xml 
2026-04-27 10:12:13,231 49607 INFO test_migration_db_7 odoo.modules.loading: loading mail/views/res_users_views.xml 
2026-04-27 10:12:13,256 49607 INFO test_migration_db_7 odoo.modules.loading: loading mail/views/res_users_settings_views.xml 
2026-04-27 10:12:13,268 49607 INFO test_migration_db_7 odoo.modules.loading: loading mail/views/mail_template_views.xml 
2026-04-27 10:12:13,286 49607 INFO test_migration_db_7 odoo.modules.loading: loading mail/views/ir_actions_server_views.xml 
2026-04-27 10:12:13,301 49607 INFO test_migration_db_7 odoo.modules.loading: loading mail/views/ir_model_views.xml 
2026-04-27 10:12:13,328 49607 INFO test_migration_db_7 odoo.modules.loading: loading mail/views/res_partner_views.xml 
2026-04-27 10:12:13,369 49607 INFO test_migration_db_7 odoo.modules.loading: loading mail/views/mail_blacklist_views.xml 
2026-04-27 10:12:13,384 49607 INFO test_migration_db_7 odoo.modules.loading: loading mail/views/mail_menus.xml 
2026-04-27 10:12:13,464 49607 INFO test_migration_db_7 odoo.modules.loading: loading mail/views/discuss/discuss_menus.xml 
2026-04-27 10:12:13,468 49607 INFO test_migration_db_7 odoo.modules.loading: loading mail/views/discuss/discuss_call_history_views.xml 
2026-04-27 10:12:13,481 49607 INFO test_migration_db_7 odoo.modules.loading: loading mail/views/res_company_views.xml 
2026-04-27 10:12:13,491 49607 INFO test_migration_db_7 odoo.modules.loading: loading mail/views/mail_scheduled_message_views.xml 
2026-04-27 10:12:13,496 49607 INFO test_migration_db_7 odoo.modules.loading: loading mail/data/mail_canned_response_data.xml 
2026-04-27 10:12:13,503 49607 INFO test_migration_db_7 odoo.modules.loading: loading mail/data/mail_templates_invite.xml 
2026-04-27 10:12:13,514 49607 INFO test_migration_db_7 odoo.modules.loading: loading mail/data/web_tour_tour.xml 
2026-04-27 10:12:13,548 49607 WARNING test_migration_db_7 py.warnings: /home/parth.dave/v19/odoo/odoo/sql_db.py:694: UserWarning: Postgres version is 120022, lower than minimum required 130000
  File "/home/parth.dave/v19/odoo/odoo-bin", line 6, in <module>
    odoo.cli.main()
  File "/home/parth.dave/v19/odoo/odoo/cli/command.py", line 133, in main
    command().run(args)
  File "/home/parth.dave/v19/odoo/odoo/cli/server.py", line 127, in run
    main(args)
  File "/home/parth.dave/v19/odoo/odoo/cli/server.py", line 118, in main
    rc = server.start(preload=config['db_name'], stop=stop)
  File "/home/parth.dave/v19/odoo/odoo/service/server.py", line 1596, in start
    rc = server.run(preload, stop)
  File "/home/parth.dave/v19/odoo/odoo/service/server.py", line 668, in run
    rc = preload_registries(preload)
  File "/home/parth.dave/v19/odoo/odoo/service/server.py", line 1510, in preload_registries
    registry = Registry.new(dbname, update_module=update_module, install_modules=config['init'], upgrade_modules=config['update'], reinit_modules=config['reinit'])
  File "/home/parth.dave/v19/odoo/odoo/tools/func.py", line 88, in locked
    return func(inst, *args, **kwargs)
  File "/home/parth.dave/v19/odoo/odoo/orm/registry.py", line 199, in new
    load_modules(
  File "/home/parth.dave/v19/odoo/odoo/modules/loading.py", line 464, in load_modules
    load_module_graph(
  File "/home/parth.dave/v19/odoo/odoo/modules/loading.py", line 273, in load_module_graph
    module.env.cr.commit()
  File "/home/parth.dave/v19/odoo/odoo/sql_db.py", line 562, in commit
    self.postcommit.run()
  File "/home/parth.dave/v19/odoo/odoo/tools/misc.py", line 1165, in run
    func()
  File "/home/parth.dave/v19/odoo/addons/bus/models/bus.py", line 159, in notify
    with odoo.sql_db.db_connect("postgres").cursor() as cr:
  File "/home/parth.dave/v19/odoo/odoo/sql_db.py", line 763, in cursor
    return Cursor(self.__pool, self.__dbname, self.__dsn)
  File "/home/parth.dave/v19/odoo/odoo/sql_db.py", line 365, in __init__
    self._cnx: PsycoConnection = pool.borrow(dsn)
  File "/home/parth.dave/v19/odoo/odoo/tools/func.py", line 88, in locked
    return func(inst, *args, **kwargs)
  File "/home/parth.dave/v19/odoo/odoo/sql_db.py", line 694, in borrow
    warnings.warn(f"Postgres version is {result.server_version}, lower than minimum required {MIN_PG_VERSION * 10000}")
 
2026-04-27 10:12:13,548 49607 INFO test_migration_db_7 odoo.modules.loading: Module mail loaded in 2.91s, 5055 queries (+5056 other) 
2026-04-27 10:12:13,548 49607 INFO test_migration_db_7 odoo.modules.loading: Loading module web_unsplash (18/45) 
2026-04-27 10:12:13,560 49607 INFO test_migration_db_7 odoo.registry: module web_unsplash: creating or updating database tables 
2026-04-27 10:12:13,605 49607 INFO test_migration_db_7 odoo.modules.loading: loading web_unsplash/views/res_config_settings_view.xml 
2026-04-27 10:12:13,633 49607 INFO test_migration_db_7 odoo.modules.loading: Module web_unsplash loaded in 0.08s, 112 queries (+112 other) 
2026-04-27 10:12:13,633 49607 INFO test_migration_db_7 odoo.modules.loading: Loading module auth_signup (19/45) 
2026-04-27 10:12:13,646 49607 INFO test_migration_db_7 odoo.registry: module auth_signup: creating or updating database tables 
2026-04-27 10:12:13,710 49607 INFO test_migration_db_7 odoo.modules.loading: loading auth_signup/data/ir_config_parameter_data.xml 
2026-04-27 10:12:13,713 49607 INFO test_migration_db_7 odoo.modules.loading: loading auth_signup/data/ir_cron_data.xml 
2026-04-27 10:12:13,732 49607 INFO test_migration_db_7 odoo.modules.loading: loading auth_signup/data/mail_template_data.xml 
2026-04-27 10:12:13,801 49607 INFO test_migration_db_7 odoo.modules.loading: loading auth_signup/views/res_config_settings_views.xml 
2026-04-27 10:12:13,814 49607 INFO test_migration_db_7 odoo.modules.loading: loading auth_signup/views/res_users_views.xml 
2026-04-27 10:12:13,835 49607 INFO test_migration_db_7 odoo.modules.loading: loading auth_signup/views/auth_signup_login_templates.xml 
2026-04-27 10:12:13,851 49607 INFO test_migration_db_7 odoo.modules.loading: loading auth_signup/views/auth_signup_templates_email.xml 
2026-04-27 10:12:13,858 49607 INFO test_migration_db_7 odoo.modules.loading: loading auth_signup/views/webclient_templates.xml 
2026-04-27 10:12:13,880 49607 INFO test_migration_db_7 odoo.modules.loading: Module auth_signup loaded in 0.25s, 255 queries (+255 other) 
2026-04-27 10:12:13,881 49607 INFO test_migration_db_7 odoo.modules.loading: Loading module auth_totp_mail (20/45) 
2026-04-27 10:12:13,891 49607 INFO test_migration_db_7 odoo.registry: module auth_totp_mail: creating or updating database tables 
2026-04-27 10:12:13,927 49607 INFO test_migration_db_7 odoo.modules.loading: loading auth_totp_mail/data/ir_action_data.xml 
2026-04-27 10:12:13,948 49607 INFO test_migration_db_7 odoo.modules.loading: loading auth_totp_mail/data/mail_template_data.xml 
2026-04-27 10:12:13,982 49607 INFO test_migration_db_7 odoo.modules.loading: loading auth_totp_mail/data/security_notifications_template.xml 
2026-04-27 10:12:13,990 49607 INFO test_migration_db_7 odoo.modules.loading: loading auth_totp_mail/views/res_config_settings_views.xml 
2026-04-27 10:12:14,003 49607 INFO test_migration_db_7 odoo.modules.loading: loading auth_totp_mail/views/res_users_views.xml 
2026-04-27 10:12:14,020 49607 INFO test_migration_db_7 odoo.modules.loading: loading auth_totp_mail/views/templates.xml 
2026-04-27 10:12:14,040 49607 INFO test_migration_db_7 odoo.modules.loading: Module auth_totp_mail loaded in 0.16s, 189 queries (+189 other) 
2026-04-27 10:12:14,040 49607 INFO test_migration_db_7 odoo.modules.loading: Loading module base_install_request (21/45) 
2026-04-27 10:12:14,045 49607 INFO test_migration_db_7 odoo.registry: module base_install_request: creating or updating database tables 
2026-04-27 10:12:14,106 49607 INFO test_migration_db_7 odoo.modules.loading: loading base_install_request/security/ir.model.access.csv 
2026-04-27 10:12:14,112 49607 INFO test_migration_db_7 odoo.modules.loading: loading base_install_request/wizard/base_module_install_request_views.xml 
2026-04-27 10:12:14,125 49607 INFO test_migration_db_7 odoo.modules.loading: loading base_install_request/data/mail_template_data.xml 
2026-04-27 10:12:14,129 49607 INFO test_migration_db_7 odoo.modules.loading: loading base_install_request/data/mail_templates_module_install.xml 
2026-04-27 10:12:14,133 49607 INFO test_migration_db_7 odoo.modules.loading: loading base_install_request/views/ir_module_module_views.xml 
2026-04-27 10:12:14,152 49607 INFO test_migration_db_7 odoo.modules.loading: Module base_install_request loaded in 0.11s, 154 queries (+154 other) 
2026-04-27 10:12:14,152 49607 INFO test_migration_db_7 odoo.modules.loading: Loading module calendar (22/45) 
2026-04-27 10:12:14,156 49607 WARNING test_migration_db_7 odoo.addons.calendar.models.calendar_event: `vobject` Python module not found, iCal file generation disabled. Consider installing this module if you want to generate iCal files 
2026-04-27 10:12:14,177 49607 INFO test_migration_db_7 odoo.registry: module calendar: creating or updating database tables 
2026-04-27 10:12:14,467 49607 INFO test_migration_db_7 odoo.modules.loading: loading calendar/security/ir.model.access.csv 
2026-04-27 10:12:14,476 49607 INFO test_migration_db_7 odoo.modules.loading: loading calendar/security/calendar_security.xml 
2026-04-27 10:12:14,489 49607 INFO test_migration_db_7 odoo.modules.loading: loading calendar/data/calendar_cron.xml 
2026-04-27 10:12:14,506 49607 INFO test_migration_db_7 odoo.modules.loading: loading calendar/data/mail_template_data.xml 
2026-04-27 10:12:14,526 49607 INFO test_migration_db_7 odoo.modules.loading: loading calendar/data/calendar_data.xml 
2026-04-27 10:12:14,534 49607 INFO test_migration_db_7 odoo.modules.loading: loading calendar/data/mail_activity_type_data.xml 
2026-04-27 10:12:14,538 49607 INFO test_migration_db_7 odoo.modules.loading: loading calendar/data/mail_message_subtype_data.xml 
2026-04-27 10:12:14,541 49607 INFO test_migration_db_7 odoo.modules.loading: loading calendar/views/mail_activity_views.xml 
2026-04-27 10:12:14,553 49607 INFO test_migration_db_7 odoo.modules.loading: loading calendar/views/calendar_templates.xml 
2026-04-27 10:12:14,558 49607 INFO test_migration_db_7 odoo.modules.loading: loading calendar/views/calendar_views.xml 
2026-04-27 10:12:14,646 49607 INFO test_migration_db_7 odoo.modules.loading: loading calendar/views/res_config_settings_views.xml 
2026-04-27 10:12:14,658 49607 INFO test_migration_db_7 odoo.modules.loading: loading calendar/views/res_partner_views.xml 
2026-04-27 10:12:14,667 49607 INFO test_migration_db_7 odoo.modules.loading: loading calendar/views/res_users_views.xml 
2026-04-27 10:12:14,682 49607 INFO test_migration_db_7 odoo.modules.loading: loading calendar/wizard/calendar_provider_config.xml 
2026-04-27 10:12:14,691 49607 INFO test_migration_db_7 odoo.modules.loading: loading calendar/wizard/calendar_popover_delete_wizard.xml 
2026-04-27 10:12:14,701 49607 INFO test_migration_db_7 odoo.modules.loading: loading calendar/wizard/mail_activity_schedule_views.xml 
2026-04-27 10:12:14,730 49607 INFO test_migration_db_7 odoo.modules.loading: Module calendar loaded in 0.58s, 883 queries (+883 other) 
2026-04-27 10:12:14,730 49607 INFO test_migration_db_7 odoo.modules.loading: Loading module contacts (23/45) 
2026-04-27 10:12:14,743 49607 INFO test_migration_db_7 odoo.registry: module contacts: creating or updating database tables 
2026-04-27 10:12:14,785 49607 INFO test_migration_db_7 odoo.modules.loading: loading contacts/views/contact_views.xml 
2026-04-27 10:12:14,833 49607 INFO test_migration_db_7 odoo.modules.loading: Module contacts loaded in 0.10s, 209 queries (+209 other) 
2026-04-27 10:12:14,834 49607 INFO test_migration_db_7 odoo.modules.loading: Loading module google_gmail (24/45) 
2026-04-27 10:12:14,844 49607 INFO test_migration_db_7 odoo.registry: module google_gmail: creating or updating database tables 
2026-04-27 10:12:14,894 49607 INFO test_migration_db_7 odoo.modules.loading: loading google_gmail/views/fetchmail_server_views.xml 
2026-04-27 10:12:14,907 49607 INFO test_migration_db_7 odoo.modules.loading: loading google_gmail/views/ir_mail_server_views.xml 
2026-04-27 10:12:14,916 49607 INFO test_migration_db_7 odoo.modules.loading: loading google_gmail/views/res_config_settings_views.xml 
2026-04-27 10:12:14,932 49607 INFO test_migration_db_7 odoo.modules.loading: loading google_gmail/views/templates.xml 
2026-04-27 10:12:14,943 49607 INFO test_migration_db_7 odoo.modules.loading: Module google_gmail loaded in 0.11s, 155 queries (+155 other) 
2026-04-27 10:12:14,943 49607 INFO test_migration_db_7 odoo.modules.loading: Loading module iap_mail (25/45) 
2026-04-27 10:12:14,947 49607 INFO test_migration_db_7 odoo.registry: module iap_mail: creating or updating database tables 
2026-04-27 10:12:14,973 49607 INFO test_migration_db_7 odoo.modules.loading: loading iap_mail/data/mail_templates.xml 
2026-04-27 10:12:14,984 49607 INFO test_migration_db_7 odoo.modules.loading: loading iap_mail/views/iap_views.xml 
2026-04-27 10:12:14,999 49607 INFO test_migration_db_7 odoo.modules.loading: Module iap_mail loaded in 0.06s, 70 queries (+70 other) 
2026-04-27 10:12:14,999 49607 INFO test_migration_db_7 odoo.modules.loading: Loading module mail_bot (26/45) 
2026-04-27 10:12:15,010 49607 INFO test_migration_db_7 odoo.registry: module mail_bot: creating or updating database tables 
2026-04-27 10:12:15,058 49607 INFO test_migration_db_7 odoo.modules.loading: loading mail_bot/views/res_users_views.xml 
2026-04-27 10:12:15,073 49607 INFO test_migration_db_7 odoo.modules.loading: loading mail_bot/data/mailbot_data.xml 
2026-04-27 10:12:15,081 49607 INFO test_migration_db_7 odoo.modules.loading: Module mail_bot loaded in 0.08s, 109 queries (+109 other) 
2026-04-27 10:12:15,081 49607 INFO test_migration_db_7 odoo.modules.loading: Loading module microsoft_outlook (27/45) 
2026-04-27 10:12:15,093 49607 INFO test_migration_db_7 odoo.registry: module microsoft_outlook: creating or updating database tables 
2026-04-27 10:12:15,142 49607 INFO test_migration_db_7 odoo.modules.loading: loading microsoft_outlook/views/fetchmail_server_views.xml 
2026-04-27 10:12:15,154 49607 INFO test_migration_db_7 odoo.modules.loading: loading microsoft_outlook/views/ir_mail_server_views.xml 
2026-04-27 10:12:15,163 49607 INFO test_migration_db_7 odoo.modules.loading: loading microsoft_outlook/views/res_config_settings_views.xml 
2026-04-27 10:12:15,179 49607 INFO test_migration_db_7 odoo.modules.loading: loading microsoft_outlook/views/templates.xml 
2026-04-27 10:12:15,191 49607 INFO test_migration_db_7 odoo.modules.loading: Module microsoft_outlook loaded in 0.11s, 158 queries (+158 other) 
2026-04-27 10:12:15,191 49607 INFO test_migration_db_7 odoo.modules.loading: Loading module phone_validation (28/45) 
2026-04-27 10:12:15,247 49607 INFO test_migration_db_7 odoo.registry: module phone_validation: creating or updating database tables 
2026-04-27 10:12:15,261 49607 INFO test_migration_db_7 odoo.models: Prepare computation of res.partner.phone_sanitized 
2026-04-27 10:12:15,885 49607 INFO test_migration_db_7 odoo.modules.loading: loading phone_validation/security/ir.model.access.csv 
2026-04-27 10:12:15,892 49607 INFO test_migration_db_7 odoo.modules.loading: loading phone_validation/views/phone_blacklist_views.xml 
2026-04-27 10:12:15,914 49607 INFO test_migration_db_7 odoo.modules.loading: loading phone_validation/views/res_partner_views.xml 
2026-04-27 10:12:15,926 49607 INFO test_migration_db_7 odoo.modules.loading: loading phone_validation/wizard/phone_blacklist_remove_view.xml 
2026-04-27 10:12:15,940 49607 INFO test_migration_db_7 odoo.modules.loading: Module phone_validation loaded in 0.75s, 1767 queries (+1767 other) 
2026-04-27 10:12:15,940 49607 INFO test_migration_db_7 odoo.modules.loading: Loading module privacy_lookup (29/45) 
2026-04-27 10:12:15,953 49607 INFO test_migration_db_7 odoo.registry: module privacy_lookup: creating or updating database tables 
2026-04-27 10:12:16,061 49607 INFO test_migration_db_7 odoo.modules.loading: loading privacy_lookup/wizard/privacy_lookup_wizard_views.xml 
2026-04-27 10:12:16,110 49607 INFO test_migration_db_7 odoo.modules.loading: loading privacy_lookup/views/privacy_log_views.xml 
2026-04-27 10:12:16,128 49607 INFO test_migration_db_7 odoo.modules.loading: loading privacy_lookup/security/ir.model.access.csv 
2026-04-27 10:12:16,141 49607 INFO test_migration_db_7 odoo.modules.loading: loading privacy_lookup/data/ir_actions_server_data.xml 
2026-04-27 10:12:16,176 49607 INFO test_migration_db_7 odoo.modules.loading: Module privacy_lookup loaded in 0.24s, 295 queries (+295 other) 
2026-04-27 10:12:16,176 49607 INFO test_migration_db_7 odoo.modules.loading: Loading module resource_mail (30/45) 
2026-04-27 10:12:16,182 49607 INFO test_migration_db_7 odoo.registry: module resource_mail: creating or updating database tables 
2026-04-27 10:12:16,218 49607 INFO test_migration_db_7 odoo.modules.loading: Module resource_mail loaded in 0.04s, 36 queries (+36 other) 
2026-04-27 10:12:16,218 49607 INFO test_migration_db_7 odoo.modules.loading: Loading module sales_team (31/45) 
2026-04-27 10:12:16,229 49607 INFO test_migration_db_7 odoo.registry: module sales_team: creating or updating database tables 
2026-04-27 10:12:16,268 49607 INFO test_migration_db_7 odoo.models: Prepare computation of res.users.sale_team_id 
2026-04-27 10:12:16,347 49607 INFO test_migration_db_7 odoo.modules.loading: loading sales_team/security/sales_team_security.xml 
2026-04-27 10:12:16,385 49607 INFO test_migration_db_7 odoo.modules.loading: loading sales_team/security/ir.model.access.csv 
2026-04-27 10:12:16,392 49607 INFO test_migration_db_7 odoo.modules.loading: loading sales_team/data/crm_team_data.xml 
2026-04-27 10:12:16,420 49607 INFO test_migration_db_7 odoo.modules.loading: loading sales_team/views/crm_tag_views.xml 
2026-04-27 10:12:16,429 49607 INFO test_migration_db_7 odoo.modules.loading: loading sales_team/views/crm_team_views.xml 
2026-04-27 10:12:16,456 49607 INFO test_migration_db_7 odoo.modules.loading: loading sales_team/views/crm_team_member_views.xml 
2026-04-27 10:12:16,486 49607 INFO test_migration_db_7 odoo.modules.loading: loading sales_team/views/mail_activity_views.xml 
2026-04-27 10:12:16,497 49607 INFO test_migration_db_7 odoo.modules.loading: Module sales_team loaded in 0.28s, 365 queries (+365 other) 
2026-04-27 10:12:16,497 49607 INFO test_migration_db_7 odoo.modules.loading: Loading module partner_autocomplete (32/45) 
2026-04-27 10:12:16,531 49607 INFO test_migration_db_7 odoo.registry: module partner_autocomplete: creating or updating database tables 
2026-04-27 10:12:16,599 49607 INFO test_migration_db_7 odoo.modules.loading: loading partner_autocomplete/views/res_company_views.xml 
2026-04-27 10:12:16,612 49607 INFO test_migration_db_7 odoo.modules.loading: loading partner_autocomplete/views/res_config_settings_views.xml 
2026-04-27 10:12:16,625 49607 INFO test_migration_db_7 odoo.modules.loading: loading partner_autocomplete/data/iap_service_data.xml 
2026-04-27 10:12:16,633 49607 INFO test_migration_db_7 odoo.modules.loading: Module partner_autocomplete loaded in 0.14s, 143 queries (+143 other) 
2026-04-27 10:12:16,633 49607 INFO test_migration_db_7 odoo.modules.loading: Loading module portal (33/45) 
2026-04-27 10:12:16,662 49607 INFO test_migration_db_7 odoo.registry: module portal: creating or updating database tables 
2026-04-27 10:12:16,846 49607 INFO test_migration_db_7 odoo.modules.loading: loading portal/security/ir.model.access.csv 
2026-04-27 10:12:16,852 49607 INFO test_migration_db_7 odoo.modules.loading: loading portal/data/mail_templates.xml 
2026-04-27 10:12:16,859 49607 INFO test_migration_db_7 odoo.modules.loading: loading portal/views/address_templates.xml 
2026-04-27 10:12:16,893 49607 INFO test_migration_db_7 odoo.modules.loading: loading portal/views/mail_templates_public.xml 
2026-04-27 10:12:16,897 49607 INFO test_migration_db_7 odoo.modules.loading: loading portal/views/portal_templates.xml 
2026-04-27 10:12:17,002 49607 INFO test_migration_db_7 odoo.modules.loading: loading portal/views/res_config_settings_views.xml 
2026-04-27 10:12:17,019 49607 INFO test_migration_db_7 odoo.modules.loading: loading portal/wizard/portal_share_views.xml 
2026-04-27 10:12:17,027 49607 INFO test_migration_db_7 odoo.modules.loading: loading portal/wizard/portal_wizard_views.xml 
2026-04-27 10:12:17,090 49607 INFO test_migration_db_7 odoo.modules.loading: Module portal loaded in 0.46s, 572 queries (+572 other) 
2026-04-27 10:12:17,090 49607 INFO test_migration_db_7 odoo.modules.loading: Loading module sms (34/45) 
2026-04-27 10:12:17,154 49607 INFO test_migration_db_7 odoo.registry: module sms: creating or updating database tables 
2026-04-27 10:12:17,162 49607 INFO test_migration_db_7 odoo.models: Prepare computation of ir.actions.server.sms_template_id 
2026-04-27 10:12:17,162 49607 INFO test_migration_db_7 odoo.models: Prepare computation of ir.actions.server.sms_method 
2026-04-27 10:12:17,912 49607 INFO test_migration_db_7 odoo.modules.loading: loading sms/data/iap_service_data.xml 
2026-04-27 10:12:17,915 49607 INFO test_migration_db_7 odoo.modules.loading: loading sms/data/ir_cron_data.xml 
2026-04-27 10:12:17,936 49607 INFO test_migration_db_7 odoo.modules.loading: loading sms/wizard/sms_account_code_views.xml 
2026-04-27 10:12:17,947 49607 INFO test_migration_db_7 odoo.modules.loading: loading sms/wizard/sms_account_phone_views.xml 
2026-04-27 10:12:17,952 49607 INFO test_migration_db_7 odoo.modules.loading: loading sms/wizard/sms_account_sender_views.xml 
2026-04-27 10:12:17,956 49607 INFO test_migration_db_7 odoo.modules.loading: loading sms/wizard/sms_composer_views.xml 
2026-04-27 10:12:17,964 49607 INFO test_migration_db_7 odoo.modules.loading: loading sms/wizard/sms_template_preview_views.xml 
2026-04-27 10:12:17,971 49607 INFO test_migration_db_7 odoo.modules.loading: loading sms/wizard/sms_template_reset_views.xml 
2026-04-27 10:12:17,977 49607 INFO test_migration_db_7 odoo.modules.loading: loading sms/views/ir_actions_server_views.xml 
2026-04-27 10:12:17,989 49607 INFO test_migration_db_7 odoo.modules.loading: loading sms/views/mail_notification_views.xml 
2026-04-27 10:12:18,001 49607 INFO test_migration_db_7 odoo.modules.loading: loading sms/views/res_config_settings_views.xml 
2026-04-27 10:12:18,013 49607 INFO test_migration_db_7 odoo.modules.loading: loading sms/views/res_partner_views.xml 
2026-04-27 10:12:18,028 49607 INFO test_migration_db_7 odoo.modules.loading: loading sms/views/iap_account_views.xml 
2026-04-27 10:12:18,037 49607 INFO test_migration_db_7 odoo.modules.loading: loading sms/views/sms_sms_views.xml 
2026-04-27 10:12:18,056 49607 INFO test_migration_db_7 odoo.modules.loading: loading sms/views/sms_template_views.xml 
2026-04-27 10:12:18,070 49607 INFO test_migration_db_7 odoo.modules.loading: loading sms/security/ir.model.access.csv 
2026-04-27 10:12:18,085 49607 INFO test_migration_db_7 odoo.modules.loading: loading sms/security/sms_security.xml 
2026-04-27 10:12:18,099 49607 INFO test_migration_db_7 odoo.modules.loading: Module sms loaded in 1.01s, 2221 queries (+2221 other) 
2026-04-27 10:12:18,099 49607 INFO test_migration_db_7 odoo.modules.loading: Loading module snailmail (35/45) 
2026-04-27 10:12:18,169 49607 INFO test_migration_db_7 odoo.registry: module snailmail: creating or updating database tables 
2026-04-27 10:12:18,336 49607 INFO test_migration_db_7 odoo.modules.loading: loading snailmail/data/iap_service_data.xml 
2026-04-27 10:12:18,339 49607 INFO test_migration_db_7 odoo.modules.loading: loading snailmail/data/snailmail_data.xml 
2026-04-27 10:12:18,359 49607 INFO test_migration_db_7 odoo.modules.loading: loading snailmail/views/report_assets.xml 
2026-04-27 10:12:18,371 49607 INFO test_migration_db_7 odoo.modules.loading: loading snailmail/views/snailmail_views.xml 
2026-04-27 10:12:18,385 49607 INFO test_migration_db_7 odoo.modules.loading: loading snailmail/security/ir.model.access.csv 
2026-04-27 10:12:18,402 49607 INFO test_migration_db_7 odoo.modules.loading: Module snailmail loaded in 0.30s, 438 queries (+438 other) 
2026-04-27 10:12:18,402 49607 INFO test_migration_db_7 odoo.modules.loading: Loading module auth_passkey_portal (36/45) 
2026-04-27 10:12:18,411 49607 INFO test_migration_db_7 odoo.modules.loading: loading auth_passkey_portal/views/templates.xml 
2026-04-27 10:12:18,429 49607 INFO test_migration_db_7 odoo.modules.loading: Module auth_passkey_portal loaded in 0.03s, 22 queries (+22 other) 
2026-04-27 10:12:18,429 49607 INFO test_migration_db_7 odoo.modules.loading: Loading module auth_totp_portal (37/45) 
2026-04-27 10:12:18,437 49607 INFO test_migration_db_7 odoo.registry: module auth_totp_portal: creating or updating database tables 
2026-04-27 10:12:18,460 49607 INFO test_migration_db_7 odoo.modules.loading: loading auth_totp_portal/security/security.xml 
2026-04-27 10:12:18,469 49607 INFO test_migration_db_7 odoo.modules.loading: loading auth_totp_portal/views/templates.xml 
2026-04-27 10:12:18,482 49607 INFO test_migration_db_7 odoo.modules.loading: Module auth_totp_portal loaded in 0.05s, 70 queries (+70 other) 
2026-04-27 10:12:18,482 49607 INFO test_migration_db_7 odoo.modules.loading: Loading module calendar_sms (38/45) 
2026-04-27 10:12:18,487 49607 INFO test_migration_db_7 odoo.registry: module calendar_sms: creating or updating database tables 
2026-04-27 10:12:18,490 49607 INFO test_migration_db_7 odoo.models: Prepare computation of calendar.alarm.sms_template_id 
2026-04-27 10:12:18,516 49607 INFO test_migration_db_7 odoo.modules.loading: loading calendar_sms/data/sms_data.xml 
2026-04-27 10:12:18,520 49607 INFO test_migration_db_7 odoo.modules.loading: loading calendar_sms/views/calendar_views.xml 
2026-04-27 10:12:18,546 49607 INFO test_migration_db_7 odoo.modules.loading: Module calendar_sms loaded in 0.06s, 106 queries (+106 other) 
2026-04-27 10:12:18,546 49607 INFO test_migration_db_7 odoo.modules.loading: Loading module digest (39/45) 
2026-04-27 10:12:18,556 49607 INFO test_migration_db_7 odoo.registry: module digest: creating or updating database tables 
2026-04-27 10:12:18,652 49607 INFO test_migration_db_7 odoo.modules.loading: loading digest/security/ir.model.access.csv 
2026-04-27 10:12:18,657 49607 INFO test_migration_db_7 odoo.modules.loading: loading digest/data/digest_data.xml 
2026-04-27 10:12:18,671 49607 INFO test_migration_db_7 odoo.modules.loading: loading digest/data/digest_tips_data.xml 
2026-04-27 10:12:18,680 49607 INFO test_migration_db_7 odoo.modules.loading: loading digest/data/ir_cron_data.xml 
2026-04-27 10:12:18,697 49607 INFO test_migration_db_7 odoo.modules.loading: loading digest/data/res_config_settings_data.xml 
2026-04-27 10:12:18,702 49607 INFO test_migration_db_7 odoo.modules.loading: loading digest/views/digest_views.xml 
2026-04-27 10:12:18,733 49607 INFO test_migration_db_7 odoo.modules.loading: loading digest/views/digest_templates.xml 
2026-04-27 10:12:18,737 49607 INFO test_migration_db_7 odoo.modules.loading: loading digest/views/res_config_settings_views.xml 
2026-04-27 10:12:18,762 49607 INFO test_migration_db_7 odoo.modules.loading: Module digest loaded in 0.22s, 326 queries (+326 other) 
2026-04-27 10:12:18,762 49607 INFO test_migration_db_7 odoo.modules.loading: Loading module crm (40/45) 
2026-04-27 10:12:18,791 49607 INFO test_migration_db_7 odoo.registry: module crm: creating or updating database tables 
2026-04-27 10:12:19,038 49607 INFO test_migration_db_7 odoo.addons.mail.models.mail_alias_mixin: Mail alias created for crm.team Sales (id 1) 
2026-04-27 10:12:19,039 49607 INFO test_migration_db_7 odoo.addons.mail.models.mail_alias_mixin: Mail alias created for crm.team Point of Sale (id 3) 
2026-04-27 10:12:19,040 49607 INFO test_migration_db_7 odoo.addons.mail.models.mail_alias_mixin: Mail alias created for crm.team Website (id 2) 
2026-04-27 10:12:19,230 49607 INFO test_migration_db_7 odoo.modules.loading: loading crm/security/crm_security.xml 
2026-04-27 10:12:19,254 49607 INFO test_migration_db_7 odoo.modules.loading: loading crm/security/ir.model.access.csv 
2026-04-27 10:12:19,265 49607 INFO test_migration_db_7 odoo.modules.loading: loading crm/data/crm_lead_merge_template.xml 
2026-04-27 10:12:19,272 49607 INFO test_migration_db_7 odoo.modules.loading: loading crm/data/crm_lead_prediction_data.xml 
2026-04-27 10:12:19,311 49607 INFO test_migration_db_7 odoo.modules.loading: loading crm/data/crm_lost_reason_data.xml 
2026-04-27 10:12:19,315 49607 INFO test_migration_db_7 odoo.modules.loading: loading crm/data/crm_stage_data.xml 
2026-04-27 10:12:19,320 49607 INFO test_migration_db_7 odoo.modules.loading: loading crm/data/crm_team_data.xml 
2026-04-27 10:12:19,331 49607 INFO test_migration_db_7 odoo.modules.loading: loading crm/data/digest_data.xml 
2026-04-27 10:12:19,340 49607 INFO test_migration_db_7 odoo.modules.loading: loading crm/data/ir_action_data.xml 
2026-04-27 10:12:19,355 49607 INFO test_migration_db_7 odoo.modules.loading: loading crm/data/ir_cron_data.xml 
2026-04-27 10:12:19,368 49607 INFO test_migration_db_7 odoo.modules.loading: loading crm/data/mail_message_subtype_data.xml 
2026-04-27 10:12:19,380 49607 INFO test_migration_db_7 odoo.modules.loading: loading crm/data/crm_recurring_plan_data.xml 
2026-04-27 10:12:19,385 49607 INFO test_migration_db_7 odoo.modules.loading: loading crm/data/crm_tour.xml 
2026-04-27 10:12:19,388 49607 INFO test_migration_db_7 odoo.modules.loading: loading crm/wizard/crm_lead_lost_views.xml 
2026-04-27 10:12:19,396 49607 INFO test_migration_db_7 odoo.modules.loading: loading crm/wizard/crm_lead_to_opportunity_views.xml 
2026-04-27 10:12:19,406 49607 INFO test_migration_db_7 odoo.modules.loading: loading crm/wizard/crm_lead_to_opportunity_mass_views.xml 
2026-04-27 10:12:19,415 49607 INFO test_migration_db_7 odoo.modules.loading: loading crm/wizard/crm_merge_opportunities_views.xml 
2026-04-27 10:12:19,423 49607 INFO test_migration_db_7 odoo.modules.loading: loading crm/wizard/crm_lead_pls_update_views.xml 
2026-04-27 10:12:19,430 49607 INFO test_migration_db_7 odoo.modules.loading: loading crm/views/calendar_views.xml 
2026-04-27 10:12:19,437 49607 INFO test_migration_db_7 odoo.modules.loading: loading crm/views/crm_recurring_plan_views.xml 
2026-04-27 10:12:19,445 49607 INFO test_migration_db_7 odoo.modules.loading: loading crm/views/crm_lost_reason_views.xml 
2026-04-27 10:12:19,457 49607 INFO test_migration_db_7 odoo.modules.loading: loading crm/views/crm_stage_views.xml 
2026-04-27 10:12:19,470 49607 INFO test_migration_db_7 odoo.modules.loading: loading crm/views/crm_lead_views.xml 
2026-04-27 10:12:19,606 49607 INFO test_migration_db_7 odoo.modules.loading: loading crm/views/crm_team_member_views.xml 
2026-04-27 10:12:19,626 49607 INFO test_migration_db_7 odoo.modules.loading: loading crm/views/digest_views.xml 
2026-04-27 10:12:19,635 49607 INFO test_migration_db_7 odoo.modules.loading: loading crm/views/mail_activity_plan_views.xml 
2026-04-27 10:12:19,637 49607 INFO test_migration_db_7 odoo.modules.loading: loading crm/views/mail_activity_views.xml 
2026-04-27 10:12:19,639 49607 INFO test_migration_db_7 odoo.modules.loading: loading crm/views/res_config_settings_views.xml 
2026-04-27 10:12:19,654 49607 INFO test_migration_db_7 odoo.modules.loading: loading crm/views/res_partner_views.xml 
2026-04-27 10:12:19,664 49607 INFO test_migration_db_7 odoo.modules.loading: loading crm/views/utm_campaign_views.xml 
2026-04-27 10:12:19,676 49607 INFO test_migration_db_7 odoo.modules.loading: loading crm/report/crm_activity_report_views.xml 
2026-04-27 10:12:19,691 49607 INFO test_migration_db_7 odoo.modules.loading: loading crm/report/crm_opportunity_report_views.xml 
2026-04-27 10:12:19,722 49607 INFO test_migration_db_7 odoo.modules.loading: loading crm/views/crm_team_views.xml 
2026-04-27 10:12:19,757 49607 INFO test_migration_db_7 odoo.modules.loading: loading crm/views/crm_menu_views.xml 
2026-04-27 10:12:19,809 49607 INFO test_migration_db_7 odoo.modules.loading: loading crm/views/crm_helper_templates.xml 
2026-04-27 10:12:19,841 49607 INFO test_migration_db_7 odoo.modules.loading: Module crm loaded in 1.08s, 1986 queries (+1986 other) 
2026-04-27 10:12:19,841 49607 INFO test_migration_db_7 odoo.modules.loading: Loading module crm_sms (41/45) 
2026-04-27 10:12:19,849 49607 INFO test_migration_db_7 odoo.modules.loading: loading crm_sms/views/crm_lead_views.xml 
2026-04-27 10:12:19,893 49607 INFO test_migration_db_7 odoo.modules.loading: loading crm_sms/security/ir.model.access.csv 
2026-04-27 10:12:19,897 49607 INFO test_migration_db_7 odoo.modules.loading: loading crm_sms/security/sms_security.xml 
2026-04-27 10:12:19,907 49607 INFO test_migration_db_7 odoo.modules.loading: Module crm_sms loaded in 0.07s, 85 queries (+85 other) 
2026-04-27 10:12:19,907 49607 INFO test_migration_db_7 odoo.modules.loading: Loading module helpdesk_mgmt (42/45) 
2026-04-27 10:12:19,908 49607 WARNING test_migration_db_7 py.warnings: /home/parth.dave/v19/odoo/odoo/osv/__init__.py:4: DeprecationWarning: Since 19.0, odoo.osv is deprecated use odoo.fields.Domain
  File "/home/parth.dave/v19/odoo/odoo-bin", line 6, in <module>
    odoo.cli.main()
  File "/home/parth.dave/v19/odoo/odoo/cli/command.py", line 133, in main
    command().run(args)
  File "/home/parth.dave/v19/odoo/odoo/cli/server.py", line 127, in run
    main(args)
  File "/home/parth.dave/v19/odoo/odoo/cli/server.py", line 118, in main
    rc = server.start(preload=config['db_name'], stop=stop)
  File "/home/parth.dave/v19/odoo/odoo/service/server.py", line 1596, in start
    rc = server.run(preload, stop)
  File "/home/parth.dave/v19/odoo/odoo/service/server.py", line 668, in run
    rc = preload_registries(preload)
  File "/home/parth.dave/v19/odoo/odoo/service/server.py", line 1510, in preload_registries
    registry = Registry.new(dbname, update_module=update_module, install_modules=config['init'], upgrade_modules=config['update'], reinit_modules=config['reinit'])
  File "/home/parth.dave/v19/odoo/odoo/tools/func.py", line 88, in locked
    return func(inst, *args, **kwargs)
  File "/home/parth.dave/v19/odoo/odoo/orm/registry.py", line 199, in new
    load_modules(
  File "/home/parth.dave/v19/odoo/odoo/modules/loading.py", line 464, in load_modules
    load_module_graph(
  File "/home/parth.dave/v19/odoo/odoo/modules/loading.py", line 178, in load_module_graph
    load_openerp_module(package.name)
  File "/home/parth.dave/v19/odoo/odoo/modules/module.py", line 505, in load_openerp_module
    __import__(qualname)
  File "/home/parth.dave/v19/custom_modules/test_project/helpdesk_mgmt/__init__.py", line 1, in <module>
    from . import controllers
  File "/home/parth.dave/v19/custom_modules/test_project/helpdesk_mgmt/controllers/__init__.py", line 2, in <module>
    from . import myaccount
  File "/home/parth.dave/v19/custom_modules/test_project/helpdesk_mgmt/controllers/myaccount.py", line 9, in <module>
    from odoo.osv.expression import AND, OR
  File "/home/parth.dave/v19/odoo/odoo/osv/__init__.py", line 4, in <module>
    warnings.warn("Since 19.0, odoo.osv is deprecated use odoo.fields.Domain", DeprecationWarning)
 
2026-04-27 10:12:19,926 49607 INFO test_migration_db_7 odoo.registry: module helpdesk_mgmt: creating or updating database tables 
2026-04-27 10:12:20,156 49607 INFO test_migration_db_7 odoo.modules.loading: loading helpdesk_mgmt/data/helpdesk_data.xml 
2026-04-27 10:12:20,182 49607 INFO test_migration_db_7 odoo.modules.loading: loading helpdesk_mgmt/security/helpdesk_security.xml 
2026-04-27 10:12:20,244 49607 INFO test_migration_db_7 odoo.modules.loading: loading helpdesk_mgmt/security/ir.model.access.csv 
2026-04-27 10:12:20,252 49607 INFO test_migration_db_7 odoo.modules.loading: loading helpdesk_mgmt/views/res_partner_views.xml 
2026-04-27 10:12:20,253 49607 INFO test_migration_db_7 odoo.modules.loading: loading helpdesk_mgmt/views/res_config_settings_views.xml 
2026-04-27 10:12:20,266 49607 INFO test_migration_db_7 odoo.modules.loading: loading helpdesk_mgmt/views/helpdesk_ticket_templates.xml 
2026-04-27 10:12:20,293 49607 INFO test_migration_db_7 odoo.modules.loading: loading helpdesk_mgmt/views/helpdesk_ticket_menu.xml 
2026-04-27 10:12:20,327 49607 INFO test_migration_db_7 odoo.modules.loading: loading helpdesk_mgmt/views/helpdesk_ticket_team_views.xml 
2026-04-27 10:12:20,342 49607 INFO test_migration_db_7 odoo.modules.loading: loading helpdesk_mgmt/views/helpdesk_ticket_stage_views.xml 
2026-04-27 10:12:20,355 49607 INFO test_migration_db_7 odoo.modules.loading: loading helpdesk_mgmt/views/helpdesk_ticket_category_views.xml 
2026-04-27 10:12:20,369 49607 INFO test_migration_db_7 odoo.modules.loading: loading helpdesk_mgmt/views/helpdesk_ticket_channel_views.xml 
2026-04-27 10:12:20,381 49607 INFO test_migration_db_7 odoo.modules.loading: loading helpdesk_mgmt/views/helpdesk_ticket_tag_views.xml 
2026-04-27 10:12:20,391 49607 INFO test_migration_db_7 odoo.modules.loading: loading helpdesk_mgmt/views/helpdesk_ticket_views.xml 
2026-04-27 10:12:20,399 49607 WARNING test_migration_db_7 odoo.tools.view_validation: <string>:25:0:ERROR:RELAXNGV:RELAXNG_ERR_NOELEM: Expecting an element field, got nothing 
2026-04-27 10:12:20,399 49607 WARNING test_migration_db_7 odoo.tools.view_validation: <string>:25:0:ERROR:RELAXNGV:RELAXNG_ERR_INVALIDATTR: Invalid attribute expand for element group 
2026-04-27 10:12:20,399 49607 WARNING test_migration_db_7 odoo.tools.view_validation: <string>:2:0:ERROR:RELAXNGV:RELAXNG_ERR_EXTRACONTENT: Element search has extra content: field 
2026-04-27 10:12:20,399 49607 WARNING test_migration_db_7 odoo.tools.view_validation: Invalid XML:  Get RNG validator and validate RNG file. 
2026-04-27 10:12:20,405 49607 WARNING test_migration_db_7 odoo.modules.loading: Transient module states were reset 
2026-04-27 10:12:20,406 49607 ERROR test_migration_db_7 odoo.registry: Failed to load registry 
2026-04-27 10:12:20,406 49607 CRITICAL test_migration_db_7 odoo.service.server: Failed to initialize database `test_migration_db_7`. 
Traceback (most recent call last):
  File "/home/parth.dave/v19/odoo/odoo/service/server.py", line 1510, in preload_registries
    registry = Registry.new(dbname, update_module=update_module, install_modules=config['init'], upgrade_modules=config['update'], reinit_modules=config['reinit'])
               ^^^^^^^^^^^^^^^^^^^^^^^^^^^^^^^^^^^^^^^^^^^^^^^^^^^^^^^^^^^^^^^^^^^^^^^^^^^^^^^^^^^^^^^^^^^^^^^^^^^^^^^^^^^^^^^^^^^^^^^^^^^^^^^^^^^^^^^^^^^^^^^^^^^^
  File "/home/parth.dave/v19/odoo/odoo/tools/func.py", line 88, in locked
    return func(inst, *args, **kwargs)
           ^^^^^^^^^^^^^^^^^^^^^^^^^^^
  File "/home/parth.dave/v19/odoo/odoo/orm/registry.py", line 199, in new
    load_modules(
  File "/home/parth.dave/v19/odoo/odoo/modules/loading.py", line 464, in load_modules
    load_module_graph(
  File "/home/parth.dave/v19/odoo/odoo/modules/loading.py", line 217, in load_module_graph
    load_data(env, idref, 'init', kind='data', package=package)
  File "/home/parth.dave/v19/odoo/odoo/modules/loading.py", line 59, in load_data
    convert_file(env, package.name, filename, idref, mode, noupdate=kind == 'demo')
  File "/home/parth.dave/v19/odoo/odoo/tools/convert.py", line 693, in convert_file
    convert_xml_import(env, module, fp, idref, mode, noupdate)
  File "/home/parth.dave/v19/odoo/odoo/tools/convert.py", line 792, in convert_xml_import
    obj.parse(doc.getroot())
  File "/home/parth.dave/v19/odoo/odoo/tools/convert.py", line 663, in parse
    self._tag_root(de)
  File "/home/parth.dave/v19/odoo/odoo/tools/convert.py", line 616, in _tag_root
    raise ParseError(msg) from None  # Restart with "--log-handler odoo.tools.convert:DEBUG" for complete traceback
    ^^^^^^^^^^^^^^^^^^^^^^^^^^^^^^^
odoo.tools.convert.ParseError: while parsing /home/parth.dave/v19/custom_modules/test_project/helpdesk_mgmt/views/helpdesk_ticket_views.xml:15
Invalid view helpdesk.ticket.view.search definition in helpdesk_mgmt/views/helpdesk_ticket_views.xml

View error context:
'-no context-'

2026-04-27 10:12:20,407 49607 INFO test_migration_db_7 odoo.service.server: Initiating shutdown 
2026-04-27 10:12:20,408 49607 INFO test_migration_db_7 odoo.service.server: Hit CTRL-C again or send a second signal to force the shutdown. 
2026-04-27 10:12:20,408 49607 INFO test_migration_db_7 odoo.sql_db: ConnectionPool(read/write;used=0/count=0/max=64): Closed 1 connections  
