2026-04-27 10:05:13,658 48842 WARNING ? odoo.tools.config: missing --http-interface/http_interface, using 0.0.0.0 by default, will change to 127.0.0.1 in 20.0 
2026-04-27 10:05:13,658 48842 INFO ? odoo: Odoo version 19.0 
2026-04-27 10:05:13,658 48842 INFO ? odoo: Using configuration file at /home/parth.dave/.odoorc 
2026-04-27 10:05:13,658 48842 INFO ? odoo: addons paths: _NamespacePath(['/home/parth.dave/v19/odoo/odoo/addons', '/home/parth.dave/.local/share/Odoo/addons/19.0', '/home/parth.dave/v19/odoo/addons', '/home/parth.dave/v19/custom_modules/test_project']) 
2026-04-27 10:05:13,659 48842 INFO ? odoo: database: default@default:default 
2026-04-27 10:05:13,661 48842 WARNING ? py.warnings: /home/parth.dave/v19/odoo/odoo/sql_db.py:694: UserWarning: Postgres version is 120022, lower than minimum required 130000
  File "/home/parth.dave/v19/odoo/odoo-bin", line 6, in <module>
    odoo.cli.main()
  File "/home/parth.dave/v19/odoo/odoo/cli/command.py", line 133, in main
    command().run(args)
  File "/home/parth.dave/v19/odoo/odoo/cli/server.py", line 127, in run
    main(args)
  File "/home/parth.dave/v19/odoo/odoo/cli/server.py", line 104, in main
    db._create_empty_database(db_name)
  File "/home/parth.dave/v19/odoo/odoo/service/db.py", line 130, in _create_empty_database
    with closing(db.cursor()) as cr:
  File "/home/parth.dave/v19/odoo/odoo/sql_db.py", line 763, in cursor
    return Cursor(self.__pool, self.__dbname, self.__dsn)
  File "/home/parth.dave/v19/odoo/odoo/sql_db.py", line 365, in __init__
    self._cnx: PsycoConnection = pool.borrow(dsn)
  File "/home/parth.dave/v19/odoo/odoo/tools/func.py", line 88, in locked
    return func(inst, *args, **kwargs)
  File "/home/parth.dave/v19/odoo/odoo/sql_db.py", line 694, in borrow
    warnings.warn(f"Postgres version is {result.server_version}, lower than minimum required {MIN_PG_VERSION * 10000}")
 
2026-04-27 10:05:13,871 48842 WARNING ? py.warnings: /home/parth.dave/v19/odoo19-venv/lib/python3.12/site-packages/requests/__init__.py:113: RequestsDependencyWarning: urllib3 (2.6.3) or chardet (7.0.1)/charset_normalizer (3.4.5) doesn't match a supported version!
  File "/home/parth.dave/v19/odoo/odoo-bin", line 6, in <module>
    odoo.cli.main()
  File "/home/parth.dave/v19/odoo/odoo/cli/command.py", line 133, in main
    command().run(args)
  File "/home/parth.dave/v19/odoo/odoo/cli/server.py", line 127, in run
    main(args)
  File "/home/parth.dave/v19/odoo/odoo/cli/server.py", line 118, in main
    rc = server.start(preload=config['db_name'], stop=stop)
  File "/home/parth.dave/v19/odoo/odoo/service/server.py", line 1546, in start
    load_server_wide_modules()
  File "/home/parth.dave/v19/odoo/odoo/service/server.py", line 1466, in load_server_wide_modules
    load_openerp_module(m)
  File "/home/parth.dave/v19/odoo/odoo/modules/module.py", line 505, in load_openerp_module
    __import__(qualname)
  File "/home/parth.dave/v19/odoo/odoo/addons/base/__init__.py", line 4, in <module>
    from . import models
  File "/home/parth.dave/v19/odoo/odoo/addons/base/models/__init__.py", line 12, in <module>
    from . import ir_actions_report
  File "/home/parth.dave/v19/odoo/odoo/addons/base/models/ir_actions_report.py", line 8, in <module>
    import requests
  File "/home/parth.dave/v19/odoo19-venv/lib/python3.12/site-packages/requests/__init__.py", line 113, in <module>
    warnings.warn(
 
2026-04-27 10:05:14,101 48842 WARNING ? odoo.addons.base.models.res_currency: The num2words python library is not installed, amount-to-text features won't be fully available. 
2026-04-27 10:05:14,118 48842 WARNING ? odoo.addons.web.models.res_partner: `vobject` Python module not found, vcard file generation disabled. Consider installing this module if you want to generate vcard files 
2026-04-27 10:05:14,171 48842 INFO test_migration_db_4 odoo.modules.loading: Initializing database test_migration_db_4 
2026-04-27 10:05:14,750 48842 INFO test_migration_db_4 odoo.modules.loading: loading 1 modules... 
2026-04-27 10:05:14,750 48842 INFO test_migration_db_4 odoo.modules.loading: Loading module base (1/1) 
2026-04-27 10:05:14,770 48842 INFO test_migration_db_4 odoo.registry: module base: creating or updating database tables 
2026-04-27 10:05:15,098 48842 INFO test_migration_db_4 odoo.models: Prepare computation of ir.module.module.menus_by_module 
2026-04-27 10:05:15,099 48842 INFO test_migration_db_4 odoo.models: Prepare computation of ir.module.module.reports_by_module 
2026-04-27 10:05:15,099 48842 INFO test_migration_db_4 odoo.models: Prepare computation of ir.module.module.views_by_module 
2026-04-27 10:05:15,212 48842 INFO test_migration_db_4 odoo.models: Prepare computation of res.partner.user_id 
2026-04-27 10:05:15,213 48842 INFO test_migration_db_4 odoo.models: Prepare computation of res.partner.commercial_partner_id 
2026-04-27 10:05:15,213 48842 INFO test_migration_db_4 odoo.models: Prepare computation of res.partner.complete_name 
2026-04-27 10:05:15,213 48842 INFO test_migration_db_4 odoo.models: Prepare computation of res.partner.lang 
2026-04-27 10:05:15,213 48842 INFO test_migration_db_4 odoo.models: Prepare computation of res.partner.company_registry 
2026-04-27 10:05:15,213 48842 INFO test_migration_db_4 odoo.models: Prepare computation of res.partner.commercial_company_name 
2026-04-27 10:05:15,213 48842 INFO test_migration_db_4 odoo.models: Prepare computation of res.partner.properties 
2026-04-27 10:05:15,213 48842 INFO test_migration_db_4 odoo.models: Prepare computation of res.partner.partner_share 
2026-04-27 10:05:15,244 48842 INFO test_migration_db_4 odoo.models: Prepare computation of res.currency.decimal_places 
2026-04-27 10:05:15,264 48842 INFO test_migration_db_4 odoo.models: Prepare computation of res.company.uses_default_logo 
2026-04-27 10:05:15,264 48842 INFO test_migration_db_4 odoo.models: Prepare computation of res.company.logo_web 
2026-04-27 10:05:15,266 48842 INFO test_migration_db_4 odoo.models: Computing parent_path for table res_company... 
2026-04-27 10:05:15,291 48842 INFO test_migration_db_4 odoo.models: Prepare computation of res.users.signature 
2026-04-27 10:05:15,291 48842 INFO test_migration_db_4 odoo.models: Prepare computation of res.users.share 
2026-04-27 10:05:16,375 48842 INFO test_migration_db_4 odoo.modules.loading: loading base/data/res_bank.xml 
2026-04-27 10:05:16,379 48842 INFO test_migration_db_4 odoo.modules.loading: loading base/data/res.lang.csv 
2026-04-27 10:05:16,412 48842 INFO test_migration_db_4 odoo.modules.loading: loading base/data/res_lang_data.xml 
2026-04-27 10:05:16,436 48842 INFO test_migration_db_4 odoo.modules.loading: loading base/data/res_partner_data.xml 
2026-04-27 10:05:16,463 48842 INFO test_migration_db_4 odoo.modules.loading: loading base/data/res_currency_data.xml 
2026-04-27 10:05:16,752 48842 INFO test_migration_db_4 odoo.modules.loading: loading base/data/res_company_data.xml 
2026-04-27 10:05:16,757 48842 INFO test_migration_db_4 odoo.modules.loading: loading base/data/res_users_data.xml 
2026-04-27 10:05:17,547 48842 INFO test_migration_db_4 odoo.modules.loading: loading base/data/report_paperformat_data.xml 
2026-04-27 10:05:17,553 48842 INFO test_migration_db_4 odoo.modules.loading: loading base/data/res_country_data.xml 
2026-04-27 10:05:17,874 48842 INFO test_migration_db_4 odoo.modules.loading: loading base/data/ir_demo_data.xml 
2026-04-27 10:05:17,883 48842 INFO test_migration_db_4 odoo.modules.loading: loading base/security/base_groups.xml 
2026-04-27 10:05:18,019 48842 INFO test_migration_db_4 odoo.modules.loading: loading base/security/base_security.xml 
2026-04-27 10:05:18,129 48842 INFO test_migration_db_4 odoo.modules.loading: loading base/wizard/wizard_ir_model_menu_create_views.xml 
2026-04-27 10:05:18,138 48842 INFO test_migration_db_4 odoo.modules.loading: loading base/views/base_menus.xml 
2026-04-27 10:05:18,171 48842 INFO test_migration_db_4 odoo.modules.loading: loading base/views/decimal_precision_views.xml 
2026-04-27 10:05:18,183 48842 INFO test_migration_db_4 odoo.modules.loading: loading base/views/res_config_views.xml 
2026-04-27 10:05:18,188 48842 INFO test_migration_db_4 odoo.modules.loading: loading base/data/res.country.state.csv 
2026-04-27 10:05:18,450 48842 INFO test_migration_db_4 odoo.modules.loading: loading base/views/ir_actions_views.xml 
2026-04-27 10:05:18,540 48842 INFO test_migration_db_4 odoo.modules.loading: loading base/views/ir_asset_views.xml 
2026-04-27 10:05:18,552 48842 INFO test_migration_db_4 odoo.modules.loading: loading base/views/ir_config_parameter_views.xml 
2026-04-27 10:05:18,564 48842 INFO test_migration_db_4 odoo.modules.loading: loading base/views/ir_cron_views.xml 
2026-04-27 10:05:18,585 48842 INFO test_migration_db_4 odoo.modules.loading: loading base/views/ir_cron_trigger_views.xml 
2026-04-27 10:05:18,596 48842 INFO test_migration_db_4 odoo.modules.loading: loading base/views/ir_filters_views.xml 
2026-04-27 10:05:18,613 48842 INFO test_migration_db_4 odoo.modules.loading: loading base/views/ir_mail_server_views.xml 
2026-04-27 10:05:18,626 48842 INFO test_migration_db_4 odoo.modules.loading: loading base/views/ir_model_views.xml 
2026-04-27 10:05:18,716 48842 INFO test_migration_db_4 odoo.modules.loading: loading base/views/ir_attachment_views.xml 
2026-04-27 10:05:18,730 48842 INFO test_migration_db_4 odoo.modules.loading: loading base/views/ir_rule_views.xml 
2026-04-27 10:05:18,743 48842 INFO test_migration_db_4 odoo.modules.loading: loading base/views/ir_sequence_views.xml 
2026-04-27 10:05:18,758 48842 INFO test_migration_db_4 odoo.modules.loading: loading base/views/ir_ui_menu_views.xml 
2026-04-27 10:05:18,772 48842 INFO test_migration_db_4 odoo.modules.loading: loading base/views/ir_ui_view_views.xml 
2026-04-27 10:05:18,805 48842 INFO test_migration_db_4 odoo.modules.loading: loading base/views/ir_default_views.xml 
2026-04-27 10:05:18,819 48842 INFO test_migration_db_4 odoo.modules.loading: loading base/data/ir_config_parameter_data.xml 
2026-04-27 10:05:18,821 48842 INFO test_migration_db_4 odoo.modules.loading: loading base/data/ir_cron_data.xml 
2026-04-27 10:05:18,832 48842 INFO test_migration_db_4 odoo.modules.loading: loading base/report/ir_model_report.xml 
2026-04-27 10:05:18,836 48842 INFO test_migration_db_4 odoo.modules.loading: loading base/report/ir_model_templates.xml 
2026-04-27 10:05:18,843 48842 INFO test_migration_db_4 odoo.modules.loading: loading base/views/ir_logging_views.xml 
2026-04-27 10:05:18,856 48842 INFO test_migration_db_4 odoo.modules.loading: loading base/views/ir_qweb_widget_templates.xml 
2026-04-27 10:05:18,866 48842 INFO test_migration_db_4 odoo.modules.loading: loading base/views/ir_module_views.xml 
2026-04-27 10:05:18,914 48842 INFO test_migration_db_4 odoo.modules.loading: loading base/data/ir_module_category_data.xml 
2026-04-27 10:05:18,932 48842 INFO test_migration_db_4 odoo.modules.loading: loading base/data/ir_module_module.xml 
2026-04-27 10:05:18,966 48842 INFO test_migration_db_4 odoo.modules.loading: loading base/report/ir_module_reports.xml 
2026-04-27 10:05:18,969 48842 INFO test_migration_db_4 odoo.modules.loading: loading base/report/ir_module_report_templates.xml 
2026-04-27 10:05:18,973 48842 INFO test_migration_db_4 odoo.modules.loading: loading base/wizard/base_module_update_views.xml 
2026-04-27 10:05:18,982 48842 INFO test_migration_db_4 odoo.modules.loading: loading base/wizard/base_language_install_views.xml 
2026-04-27 10:05:18,992 48842 INFO test_migration_db_4 odoo.modules.loading: loading base/wizard/base_import_language_views.xml 
2026-04-27 10:05:19,003 48842 INFO test_migration_db_4 odoo.modules.loading: loading base/wizard/base_module_upgrade_views.xml 
2026-04-27 10:05:19,014 48842 INFO test_migration_db_4 odoo.modules.loading: loading base/wizard/base_module_uninstall_views.xml 
2026-04-27 10:05:19,020 48842 INFO test_migration_db_4 odoo.modules.loading: loading base/wizard/base_export_language_views.xml 
2026-04-27 10:05:19,028 48842 INFO test_migration_db_4 odoo.modules.loading: loading base/wizard/base_partner_merge_views.xml 
2026-04-27 10:05:19,037 48842 INFO test_migration_db_4 odoo.modules.loading: loading base/data/ir_demo_failure_data.xml 
2026-04-27 10:05:19,047 48842 INFO test_migration_db_4 odoo.modules.loading: loading base/views/ir_profile_views.xml 
2026-04-27 10:05:19,063 48842 INFO test_migration_db_4 odoo.modules.loading: loading base/views/res_company_views.xml 
2026-04-27 10:05:19,079 48842 INFO test_migration_db_4 odoo.modules.loading: loading base/views/res_lang_views.xml 
2026-04-27 10:05:19,092 48842 INFO test_migration_db_4 odoo.modules.loading: loading base/views/res_partner_views.xml 
2026-04-27 10:05:19,150 48842 INFO test_migration_db_4 odoo.modules.loading: loading base/views/res_bank_views.xml 
2026-04-27 10:05:19,175 48842 INFO test_migration_db_4 odoo.modules.loading: loading base/views/res_country_views.xml 
2026-04-27 10:05:19,208 48842 INFO test_migration_db_4 odoo.modules.loading: loading base/views/res_currency_views.xml 
2026-04-27 10:05:19,251 48842 INFO test_migration_db_4 odoo.modules.loading: loading base/views/res_groups_views.xml 
2026-04-27 10:05:19,321 48842 INFO test_migration_db_4 odoo.modules.loading: loading base/views/res_users_views.xml 
2026-04-27 10:05:19,413 48842 INFO test_migration_db_4 odoo.modules.loading: loading base/views/res_users_apikeys_views.xml 
2026-04-27 10:05:19,417 48842 INFO test_migration_db_4 odoo.modules.loading: loading base/views/res_device_views.xml 
2026-04-27 10:05:19,432 48842 INFO test_migration_db_4 odoo.modules.loading: loading base/views/res_users_identitycheck_views.xml 
2026-04-27 10:05:19,437 48842 INFO test_migration_db_4 odoo.modules.loading: loading base/views/res_config_settings_views.xml 
2026-04-27 10:05:19,443 48842 INFO test_migration_db_4 odoo.modules.loading: loading base/views/report_paperformat_views.xml 
2026-04-27 10:05:19,456 48842 INFO test_migration_db_4 odoo.modules.loading: loading base/security/ir.model.access.csv 
2026-04-27 10:05:19,550 48842 INFO test_migration_db_4 odoo.modules.loading: Module base loaded in 4.80s, 8397 queries (+8397 other) 
2026-04-27 10:05:19,550 48842 INFO test_migration_db_4 odoo.modules.loading: 1 modules loaded in 4.80s, 8397 queries (+8397 extra) 
2026-04-27 10:05:19,553 48842 INFO test_migration_db_4 odoo.modules.loading: updating modules list 
2026-04-27 10:05:19,553 48842 INFO test_migration_db_4 odoo.addons.base.models.ir_module: ALLOW access to module.update_list on [] to user __system__ #1 via n/a 
2026-04-27 10:05:20,062 48842 INFO test_migration_db_4 odoo.addons.base.models.ir_module: ALLOW access to module.button_install on ['Helpdesk Management'] to user __system__ #1 via n/a 
2026-04-27 10:05:20,123 48842 INFO test_migration_db_4 odoo.modules.loading: loading 45 modules... 
2026-04-27 10:05:20,123 48842 INFO test_migration_db_4 odoo.modules.loading: Loading module rpc (2/45) 
2026-04-27 10:05:20,137 48842 INFO test_migration_db_4 odoo.modules.loading: Module rpc loaded in 0.01s, 9 queries (+9 other) 
2026-04-27 10:05:20,137 48842 INFO test_migration_db_4 odoo.modules.loading: Loading module web (3/45) 
2026-04-27 10:05:20,160 48842 INFO test_migration_db_4 odoo.registry: module web: creating or updating database tables 
2026-04-27 10:05:20,493 48842 INFO test_migration_db_4 odoo.modules.loading: loading web/security/ir.model.access.csv 
2026-04-27 10:05:20,497 48842 INFO test_migration_db_4 odoo.modules.loading: loading web/security/web_security.xml 
2026-04-27 10:05:20,505 48842 INFO test_migration_db_4 odoo.modules.loading: loading web/views/webclient_templates.xml 
2026-04-27 10:05:20,537 48842 INFO test_migration_db_4 odoo.modules.loading: loading web/views/report_templates.xml 
2026-04-27 10:05:20,599 48842 INFO test_migration_db_4 odoo.modules.loading: loading web/views/base_document_layout_views.xml 
2026-04-27 10:05:20,608 48842 INFO test_migration_db_4 odoo.modules.loading: loading web/views/partner_view.xml 
2026-04-27 10:05:20,613 48842 INFO test_migration_db_4 odoo.modules.loading: loading web/views/speedscope_template.xml 
2026-04-27 10:05:20,616 48842 INFO test_migration_db_4 odoo.modules.loading: loading web/views/memory_template.xml 
2026-04-27 10:05:20,621 48842 INFO test_migration_db_4 odoo.modules.loading: loading web/views/speedscope_config_wizard.xml 
2026-04-27 10:05:20,626 48842 INFO test_migration_db_4 odoo.modules.loading: loading web/views/neutralize_views.xml 
2026-04-27 10:05:20,631 48842 INFO test_migration_db_4 odoo.modules.loading: loading web/views/ir_ui_view_views.xml 
2026-04-27 10:05:20,637 48842 INFO test_migration_db_4 odoo.modules.loading: loading web/data/ir_attachment.xml 
2026-04-27 10:05:20,640 48842 INFO test_migration_db_4 odoo.modules.loading: loading web/data/report_layout.xml 
2026-04-27 10:05:20,671 48842 INFO test_migration_db_4 odoo.modules.loading: Module web loaded in 0.53s, 1232 queries (+1232 other) 
2026-04-27 10:05:20,671 48842 INFO test_migration_db_4 odoo.modules.loading: Loading module api_doc (4/45) 
2026-04-27 10:05:20,676 48842 INFO test_migration_db_4 odoo.registry: module api_doc: creating or updating database tables 
2026-04-27 10:05:20,688 48842 INFO test_migration_db_4 odoo.modules.loading: loading api_doc/security/res_groups.xml 
2026-04-27 10:05:20,703 48842 INFO test_migration_db_4 odoo.modules.loading: loading api_doc/views/docclient.xml 
2026-04-27 10:05:20,714 48842 INFO test_migration_db_4 odoo.modules.loading: Module api_doc loaded in 0.04s, 63 queries (+63 other) 
2026-04-27 10:05:20,715 48842 INFO test_migration_db_4 odoo.modules.loading: Loading module auth_totp (5/45) 
2026-04-27 10:05:20,725 48842 INFO test_migration_db_4 odoo.registry: module auth_totp: creating or updating database tables 
2026-04-27 10:05:20,786 48842 INFO test_migration_db_4 odoo.modules.loading: loading auth_totp/security/security.xml 
2026-04-27 10:05:20,799 48842 INFO test_migration_db_4 odoo.modules.loading: loading auth_totp/security/ir.model.access.csv 
2026-04-27 10:05:20,803 48842 INFO test_migration_db_4 odoo.modules.loading: loading auth_totp/data/ir_action_data.xml 
2026-04-27 10:05:20,807 48842 INFO test_migration_db_4 odoo.modules.loading: loading auth_totp/views/res_users_views.xml 
2026-04-27 10:05:20,829 48842 INFO test_migration_db_4 odoo.modules.loading: loading auth_totp/views/templates.xml 
2026-04-27 10:05:20,838 48842 INFO test_migration_db_4 odoo.modules.loading: loading auth_totp/wizard/auth_totp_wizard_views.xml 
2026-04-27 10:05:20,855 48842 INFO test_migration_db_4 odoo.modules.loading: Module auth_totp loaded in 0.14s, 218 queries (+218 other) 
2026-04-27 10:05:20,856 48842 INFO test_migration_db_4 odoo.modules.loading: Loading module base_import (6/45) 
2026-04-27 10:05:20,879 48842 INFO test_migration_db_4 odoo.registry: module base_import: creating or updating database tables 
2026-04-27 10:05:21,194 48842 INFO test_migration_db_4 odoo.modules.loading: loading base_import/security/ir.model.access.csv 
2026-04-27 10:05:21,203 48842 INFO test_migration_db_4 odoo.modules.loading: Module base_import loaded in 0.35s, 956 queries (+956 other) 
2026-04-27 10:05:21,203 48842 INFO test_migration_db_4 odoo.modules.loading: Loading module base_import_module (7/45) 
2026-04-27 10:05:21,208 48842 INFO test_migration_db_4 odoo.registry: module base_import_module: creating or updating database tables 
2026-04-27 10:05:21,250 48842 INFO test_migration_db_4 odoo.modules.loading: loading base_import_module/security/ir.model.access.csv 
2026-04-27 10:05:21,254 48842 INFO test_migration_db_4 odoo.modules.loading: loading base_import_module/views/base_import_module_view.xml 
2026-04-27 10:05:21,267 48842 INFO test_migration_db_4 odoo.modules.loading: loading base_import_module/views/ir_module_views.xml 
2026-04-27 10:05:21,295 48842 INFO test_migration_db_4 odoo.modules.loading: Module base_import_module loaded in 0.09s, 172 queries (+172 other) 
2026-04-27 10:05:21,296 48842 INFO test_migration_db_4 odoo.modules.loading: Loading module base_setup (8/45) 
2026-04-27 10:05:21,301 48842 INFO test_migration_db_4 odoo.registry: module base_setup: creating or updating database tables 
2026-04-27 10:05:21,329 48842 INFO test_migration_db_4 odoo.modules.loading: loading base_setup/data/base_setup_data.xml 
2026-04-27 10:05:21,333 48842 INFO test_migration_db_4 odoo.modules.loading: loading base_setup/views/res_config_settings_views.xml 
2026-04-27 10:05:21,353 48842 INFO test_migration_db_4 odoo.modules.loading: loading base_setup/views/res_partner_views.xml 
2026-04-27 10:05:21,364 48842 INFO test_migration_db_4 odoo.modules.loading: Module base_setup loaded in 0.07s, 152 queries (+152 other) 
2026-04-27 10:05:21,365 48842 INFO test_migration_db_4 odoo.modules.loading: Loading module bus (9/45) 
2026-04-27 10:05:21,377 48842 INFO test_migration_db_4 odoo.registry: module bus: creating or updating database tables 
2026-04-27 10:05:21,444 48842 INFO test_migration_db_4 odoo.modules.loading: loading bus/security/ir.model.access.csv 
2026-04-27 10:05:21,453 48842 INFO test_migration_db_4 odoo.modules.loading: Module bus loaded in 0.09s, 152 queries (+152 other) 
2026-04-27 10:05:21,453 48842 INFO test_migration_db_4 odoo.modules.loading: Loading module http_routing (10/45) 
2026-04-27 10:05:21,457 48842 INFO test_migration_db_4 odoo.registry: module http_routing: creating or updating database tables 
2026-04-27 10:05:21,471 48842 INFO test_migration_db_4 odoo.modules.loading: loading http_routing/views/http_routing_template.xml 
2026-04-27 10:05:21,496 48842 INFO test_migration_db_4 odoo.modules.loading: loading http_routing/views/res_lang_views.xml 
2026-04-27 10:05:21,514 48842 INFO test_migration_db_4 odoo.modules.loading: Module http_routing loaded in 0.06s, 114 queries (+114 other) 
2026-04-27 10:05:21,514 48842 INFO test_migration_db_4 odoo.modules.loading: Loading module resource (11/45) 
2026-04-27 10:05:21,523 48842 INFO test_migration_db_4 odoo.registry: module resource: creating or updating database tables 
2026-04-27 10:05:21,630 48842 INFO test_migration_db_4 odoo.modules.loading: loading resource/data/resource_data.xml 
2026-04-27 10:05:21,644 48842 INFO test_migration_db_4 odoo.modules.loading: loading resource/security/ir.model.access.csv 
2026-04-27 10:05:21,652 48842 INFO test_migration_db_4 odoo.modules.loading: loading resource/security/resource_security.xml 
2026-04-27 10:05:21,666 48842 INFO test_migration_db_4 odoo.modules.loading: loading resource/views/resource_resource_views.xml 
2026-04-27 10:05:21,684 48842 INFO test_migration_db_4 odoo.modules.loading: loading resource/views/resource_calendar_leaves_views.xml 
2026-04-27 10:05:21,703 48842 INFO test_migration_db_4 odoo.modules.loading: loading resource/views/resource_calendar_attendance_views.xml 
2026-04-27 10:05:21,710 48842 INFO test_migration_db_4 odoo.modules.loading: loading resource/views/resource_calendar_views.xml 
2026-04-27 10:05:21,727 48842 INFO test_migration_db_4 odoo.modules.loading: loading resource/views/menuitems.xml 
2026-04-27 10:05:21,743 48842 INFO test_migration_db_4 odoo.modules.loading: Module resource loaded in 0.23s, 414 queries (+414 other) 
2026-04-27 10:05:21,743 48842 INFO test_migration_db_4 odoo.modules.loading: Loading module utm (12/45) 
2026-04-27 10:05:21,748 48842 INFO test_migration_db_4 odoo.registry: module utm: creating or updating database tables 
2026-04-27 10:05:21,839 48842 INFO test_migration_db_4 odoo.modules.loading: loading utm/data/utm_medium_data.xml 
2026-04-27 10:05:21,854 48842 INFO test_migration_db_4 odoo.modules.loading: loading utm/data/utm_source_data.xml 
2026-04-27 10:05:21,863 48842 INFO test_migration_db_4 odoo.modules.loading: loading utm/data/utm_stage_data.xml 
2026-04-27 10:05:21,866 48842 INFO test_migration_db_4 odoo.modules.loading: loading utm/data/utm_tag_data.xml 
2026-04-27 10:05:21,868 48842 INFO test_migration_db_4 odoo.modules.loading: loading utm/views/utm_campaign_views.xml 
2026-04-27 10:05:21,890 48842 INFO test_migration_db_4 odoo.modules.loading: loading utm/views/utm_medium_views.xml 
2026-04-27 10:05:21,902 48842 INFO test_migration_db_4 odoo.modules.loading: loading utm/views/utm_source_views.xml 
2026-04-27 10:05:21,910 48842 INFO test_migration_db_4 odoo.modules.loading: loading utm/views/utm_stage_views.xml 
2026-04-27 10:05:21,921 48842 INFO test_migration_db_4 odoo.modules.loading: loading utm/views/utm_tag_views.xml 
2026-04-27 10:05:21,928 48842 INFO test_migration_db_4 odoo.modules.loading: loading utm/views/utm_menus.xml 
2026-04-27 10:05:21,943 48842 INFO test_migration_db_4 odoo.modules.loading: loading utm/security/ir.model.access.csv 
2026-04-27 10:05:21,957 48842 INFO test_migration_db_4 odoo.modules.loading: Module utm loaded in 0.21s, 410 queries (+410 other) 
2026-04-27 10:05:21,957 48842 INFO test_migration_db_4 odoo.modules.loading: Loading module web_tour (13/45) 
2026-04-27 10:05:21,963 48842 INFO test_migration_db_4 odoo.registry: module web_tour: creating or updating database tables 
2026-04-27 10:05:21,967 48842 INFO test_migration_db_4 odoo.models: Prepare computation of res.users.tour_enabled 
2026-04-27 10:05:22,028 48842 INFO test_migration_db_4 odoo.modules.loading: loading web_tour/security/ir.model.access.csv 
2026-04-27 10:05:22,033 48842 INFO test_migration_db_4 odoo.modules.loading: loading web_tour/views/tour_views.xml 
2026-04-27 10:05:22,059 48842 INFO test_migration_db_4 odoo.modules.loading: Module web_tour loaded in 0.10s, 180 queries (+180 other) 
2026-04-27 10:05:22,059 48842 INFO test_migration_db_4 odoo.modules.loading: Loading module auth_passkey (14/45) 
2026-04-27 10:05:22,086 48842 INFO test_migration_db_4 odoo.registry: module auth_passkey: creating or updating database tables 
2026-04-27 10:05:22,141 48842 INFO test_migration_db_4 odoo.modules.loading: loading auth_passkey/views/auth_passkey_key_views.xml 
2026-04-27 10:05:22,155 48842 INFO test_migration_db_4 odoo.modules.loading: loading auth_passkey/views/auth_passkey_login_templates.xml 
2026-04-27 10:05:22,163 48842 INFO test_migration_db_4 odoo.modules.loading: loading auth_passkey/views/res_users_identitycheck_views.xml 
2026-04-27 10:05:22,170 48842 INFO test_migration_db_4 odoo.modules.loading: loading auth_passkey/views/res_users_views.xml 
2026-04-27 10:05:22,182 48842 INFO test_migration_db_4 odoo.modules.loading: loading auth_passkey/security/ir.model.access.csv 
2026-04-27 10:05:22,187 48842 INFO test_migration_db_4 odoo.modules.loading: loading auth_passkey/security/security.xml 
2026-04-27 10:05:22,201 48842 INFO test_migration_db_4 odoo.modules.loading: Module auth_passkey loaded in 0.14s, 218 queries (+218 other) 
2026-04-27 10:05:22,201 48842 INFO test_migration_db_4 odoo.modules.loading: Loading module html_editor (15/45) 
2026-04-27 10:05:22,320 48842 INFO test_migration_db_4 odoo.registry: module html_editor: creating or updating database tables 
2026-04-27 10:05:22,698 48842 INFO test_migration_db_4 odoo.modules.loading: loading html_editor/security/ir.model.access.csv 
2026-04-27 10:05:22,707 48842 INFO test_migration_db_4 odoo.modules.loading: Module html_editor loaded in 0.51s, 1110 queries (+1110 other) 
2026-04-27 10:05:22,707 48842 INFO test_migration_db_4 odoo.modules.loading: Loading module iap (16/45) 
2026-04-27 10:05:22,710 48842 INFO test_migration_db_4 odoo.registry: module iap: creating or updating database tables 
2026-04-27 10:05:22,763 48842 INFO test_migration_db_4 odoo.modules.loading: loading iap/data/services.xml 
2026-04-27 10:05:22,766 48842 INFO test_migration_db_4 odoo.modules.loading: loading iap/security/ir.model.access.csv 
2026-04-27 10:05:22,771 48842 INFO test_migration_db_4 odoo.modules.loading: loading iap/security/ir_rule.xml 
2026-04-27 10:05:22,775 48842 INFO test_migration_db_4 odoo.modules.loading: loading iap/views/iap_views.xml 
2026-04-27 10:05:22,792 48842 INFO test_migration_db_4 odoo.modules.loading: loading iap/views/res_config_settings.xml 
2026-04-27 10:05:22,813 48842 INFO test_migration_db_4 odoo.modules.loading: Module iap loaded in 0.11s, 182 queries (+182 other) 
2026-04-27 10:05:22,813 48842 INFO test_migration_db_4 odoo.modules.loading: Loading module mail (17/45) 
2026-04-27 10:05:22,859 48842 INFO test_migration_db_4 odoo.registry: module mail: creating or updating database tables 
2026-04-27 10:05:23,153 48842 INFO test_migration_db_4 odoo.models: Prepare computation of ir.actions.server.partner_ids 
2026-04-27 10:05:23,153 48842 INFO test_migration_db_4 odoo.models: Prepare computation of ir.actions.server.activity_user_id 
2026-04-27 10:05:23,153 48842 INFO test_migration_db_4 odoo.models: Prepare computation of ir.actions.server.activity_type_id 
2026-04-27 10:05:23,153 48842 INFO test_migration_db_4 odoo.models: Prepare computation of ir.actions.server.template_id 
2026-04-27 10:05:23,153 48842 INFO test_migration_db_4 odoo.models: Prepare computation of ir.actions.server.activity_date_deadline_range 
2026-04-27 10:05:23,153 48842 INFO test_migration_db_4 odoo.models: Prepare computation of ir.actions.server.activity_summary 
2026-04-27 10:05:23,153 48842 INFO test_migration_db_4 odoo.models: Prepare computation of ir.actions.server.followers_type 
2026-04-27 10:05:23,154 48842 INFO test_migration_db_4 odoo.models: Prepare computation of ir.actions.server.followers_partner_field_name 
2026-04-27 10:05:23,154 48842 INFO test_migration_db_4 odoo.models: Prepare computation of ir.actions.server.mail_post_method 
2026-04-27 10:05:23,154 48842 INFO test_migration_db_4 odoo.models: Prepare computation of ir.actions.server.activity_date_deadline_range_type 
2026-04-27 10:05:23,154 48842 INFO test_migration_db_4 odoo.models: Prepare computation of ir.actions.server.activity_user_type 
2026-04-27 10:05:23,154 48842 INFO test_migration_db_4 odoo.models: Prepare computation of ir.actions.server.activity_user_field_name 
2026-04-27 10:05:23,154 48842 INFO test_migration_db_4 odoo.models: Prepare computation of ir.actions.server.activity_note 
2026-04-27 10:05:23,154 48842 INFO test_migration_db_4 odoo.models: Prepare computation of ir.actions.server.mail_post_autofollow 
2026-04-27 10:05:23,205 48842 INFO test_migration_db_4 odoo.models: Prepare computation of res.users.notification_type 
2026-04-27 10:05:23,272 48842 INFO test_migration_db_4 odoo.models: Prepare computation of res.partner.email_normalized 
<string>:38: (ERROR/3) Unexpected indentation.
<string>:43: (WARNING/2) Block quote ends without a blank line; unexpected unindent.
2026-04-27 10:05:24,274 48842 INFO test_migration_db_4 odoo.modules.loading: loading mail/data/mail_groups.xml 
2026-04-27 10:05:24,290 48842 INFO test_migration_db_4 odoo.modules.loading: loading mail/wizard/mail_activity_schedule_views.xml 
2026-04-27 10:05:24,299 48842 INFO test_migration_db_4 odoo.modules.loading: loading mail/wizard/mail_blacklist_remove_views.xml 
2026-04-27 10:05:24,304 48842 INFO test_migration_db_4 odoo.modules.loading: loading mail/wizard/mail_compose_message_views.xml 
2026-04-27 10:05:24,317 48842 INFO test_migration_db_4 odoo.modules.loading: loading mail/wizard/mail_template_preview_views.xml 
2026-04-27 10:05:24,324 48842 INFO test_migration_db_4 odoo.modules.loading: loading mail/wizard/mail_followers_edit_views.xml 
2026-04-27 10:05:24,333 48842 INFO test_migration_db_4 odoo.modules.loading: loading mail/wizard/mail_template_reset_views.xml 
2026-04-27 10:05:24,340 48842 INFO test_migration_db_4 odoo.modules.loading: loading mail/views/fetchmail_views.xml 
2026-04-27 10:05:24,356 48842 INFO test_migration_db_4 odoo.modules.loading: loading mail/views/ir_cron_views.xml 
2026-04-27 10:05:24,363 48842 INFO test_migration_db_4 odoo.modules.loading: loading mail/views/ir_filters_views.xml 
2026-04-27 10:05:24,375 48842 INFO test_migration_db_4 odoo.modules.loading: loading mail/views/ir_mail_server_views.xml 
2026-04-27 10:05:24,383 48842 INFO test_migration_db_4 odoo.modules.loading: loading mail/views/mail_message_subtype_views.xml 
2026-04-27 10:05:24,393 48842 INFO test_migration_db_4 odoo.modules.loading: loading mail/views/mail_tracking_value_views.xml 
2026-04-27 10:05:24,403 48842 INFO test_migration_db_4 odoo.modules.loading: loading mail/views/mail_notification_views.xml 
2026-04-27 10:05:24,411 48842 INFO test_migration_db_4 odoo.modules.loading: loading mail/views/mail_message_views.xml 
2026-04-27 10:05:24,431 48842 INFO test_migration_db_4 odoo.modules.loading: loading mail/views/mail_message_schedule_views.xml 
2026-04-27 10:05:24,442 48842 INFO test_migration_db_4 odoo.modules.loading: loading mail/views/mail_mail_views.xml 
2026-04-27 10:05:24,458 48842 INFO test_migration_db_4 odoo.modules.loading: loading mail/views/mail_followers_views.xml 
2026-04-27 10:05:24,467 48842 INFO test_migration_db_4 odoo.modules.loading: loading mail/views/mail_ice_server_views.xml 
2026-04-27 10:05:24,480 48842 INFO test_migration_db_4 odoo.modules.loading: loading mail/views/discuss_channel_member_views.xml 
2026-04-27 10:05:24,489 48842 INFO test_migration_db_4 odoo.modules.loading: loading mail/views/discuss_channel_rtc_session_views.xml 
2026-04-27 10:05:24,500 48842 INFO test_migration_db_4 odoo.modules.loading: loading mail/views/mail_link_preview_views.xml 
2026-04-27 10:05:24,513 48842 INFO test_migration_db_4 odoo.modules.loading: loading mail/views/discuss/discuss_gif_favorite_views.xml 
2026-04-27 10:05:24,523 48842 INFO test_migration_db_4 odoo.modules.loading: loading mail/views/discuss_channel_views.xml 
2026-04-27 10:05:24,548 48842 INFO test_migration_db_4 odoo.modules.loading: loading mail/views/mail_canned_response_views.xml 
2026-04-27 10:05:24,566 48842 INFO test_migration_db_4 odoo.modules.loading: loading mail/views/res_role_views.xml 
2026-04-27 10:05:24,578 48842 INFO test_migration_db_4 odoo.modules.loading: loading mail/views/mail_activity_views.xml 
2026-04-27 10:05:24,644 48842 INFO test_migration_db_4 odoo.modules.loading: loading mail/views/mail_activity_plan_views.xml 
2026-04-27 10:05:24,672 48842 INFO test_migration_db_4 odoo.modules.loading: loading mail/views/mail_activity_plan_template_views.xml 
2026-04-27 10:05:24,680 48842 INFO test_migration_db_4 odoo.modules.loading: loading mail/views/res_config_settings_views.xml 
2026-04-27 10:05:24,695 48842 INFO test_migration_db_4 odoo.modules.loading: loading mail/data/ir_config_parameter_data.xml 
2026-04-27 10:05:24,699 48842 INFO test_migration_db_4 odoo.modules.loading: loading mail/data/res_partner_data.xml 
2026-04-27 10:05:24,747 48842 INFO test_migration_db_4 odoo.modules.loading: loading mail/data/mail_message_subtype_data.xml 
2026-04-27 10:05:24,752 48842 INFO test_migration_db_4 odoo.modules.loading: loading mail/data/mail_templates_chatter.xml 
2026-04-27 10:05:24,764 48842 INFO test_migration_db_4 odoo.modules.loading: loading mail/data/mail_templates_email_layouts.xml 
2026-04-27 10:05:24,777 48842 INFO test_migration_db_4 odoo.modules.loading: loading mail/data/mail_templates_mailgateway.xml 
2026-04-27 10:05:24,789 48842 INFO test_migration_db_4 odoo.modules.loading: loading mail/data/discuss_channel_data.xml 
2026-04-27 10:05:24,812 48842 INFO test_migration_db_4 odoo.modules.loading: loading mail/data/mail_activity_type_data.xml 
2026-04-27 10:05:24,819 48842 INFO test_migration_db_4 odoo.modules.loading: loading mail/data/security_notifications_templates.xml 
2026-04-27 10:05:24,824 48842 INFO test_migration_db_4 odoo.modules.loading: loading mail/data/ir_cron_data.xml 
2026-04-27 10:05:24,897 48842 INFO test_migration_db_4 odoo.modules.loading: loading mail/data/ir_actions_client.xml 
2026-04-27 10:05:24,901 48842 INFO test_migration_db_4 odoo.modules.loading: loading mail/security/mail_security.xml 
2026-04-27 10:05:24,995 48842 INFO test_migration_db_4 odoo.modules.loading: loading mail/security/ir.model.access.csv 
2026-04-27 10:05:25,021 48842 INFO test_migration_db_4 odoo.modules.loading: loading mail/views/discuss_public_templates.xml 
2026-04-27 10:05:25,025 48842 INFO test_migration_db_4 odoo.modules.loading: loading mail/views/mail_alias_domain_views.xml 
2026-04-27 10:05:25,038 48842 INFO test_migration_db_4 odoo.modules.loading: loading mail/views/mail_alias_views.xml 
2026-04-27 10:05:25,052 48842 INFO test_migration_db_4 odoo.modules.loading: loading mail/views/mail_gateway_allowed_views.xml 
2026-04-27 10:05:25,061 48842 INFO test_migration_db_4 odoo.modules.loading: loading mail/views/mail_guest_views.xml 
2026-04-27 10:05:25,070 48842 INFO test_migration_db_4 odoo.modules.loading: loading mail/views/mail_message_reaction_views.xml 
2026-04-27 10:05:25,078 48842 INFO test_migration_db_4 odoo.modules.loading: loading mail/views/mail_templates_public.xml 
2026-04-27 10:05:25,084 48842 INFO test_migration_db_4 odoo.modules.loading: loading mail/views/res_users_views.xml 
2026-04-27 10:05:25,103 48842 INFO test_migration_db_4 odoo.modules.loading: loading mail/views/res_users_settings_views.xml 
2026-04-27 10:05:25,113 48842 INFO test_migration_db_4 odoo.modules.loading: loading mail/views/mail_template_views.xml 
2026-04-27 10:05:25,128 48842 INFO test_migration_db_4 odoo.modules.loading: loading mail/views/ir_actions_server_views.xml 
2026-04-27 10:05:25,139 48842 INFO test_migration_db_4 odoo.modules.loading: loading mail/views/ir_model_views.xml 
2026-04-27 10:05:25,161 48842 INFO test_migration_db_4 odoo.modules.loading: loading mail/views/res_partner_views.xml 
2026-04-27 10:05:25,192 48842 INFO test_migration_db_4 odoo.modules.loading: loading mail/views/mail_blacklist_views.xml 
2026-04-27 10:05:25,203 48842 INFO test_migration_db_4 odoo.modules.loading: loading mail/views/mail_menus.xml 
2026-04-27 10:05:25,264 48842 INFO test_migration_db_4 odoo.modules.loading: loading mail/views/discuss/discuss_menus.xml 
2026-04-27 10:05:25,267 48842 INFO test_migration_db_4 odoo.modules.loading: loading mail/views/discuss/discuss_call_history_views.xml 
2026-04-27 10:05:25,276 48842 INFO test_migration_db_4 odoo.modules.loading: loading mail/views/res_company_views.xml 
2026-04-27 10:05:25,284 48842 INFO test_migration_db_4 odoo.modules.loading: loading mail/views/mail_scheduled_message_views.xml 
2026-04-27 10:05:25,290 48842 INFO test_migration_db_4 odoo.modules.loading: loading mail/data/mail_canned_response_data.xml 
2026-04-27 10:05:25,297 48842 INFO test_migration_db_4 odoo.modules.loading: loading mail/data/mail_templates_invite.xml 
2026-04-27 10:05:25,305 48842 INFO test_migration_db_4 odoo.modules.loading: loading mail/data/web_tour_tour.xml 
2026-04-27 10:05:25,337 48842 WARNING test_migration_db_4 py.warnings: /home/parth.dave/v19/odoo/odoo/sql_db.py:694: UserWarning: Postgres version is 120022, lower than minimum required 130000
  File "/home/parth.dave/v19/odoo/odoo-bin", line 6, in <module>
    odoo.cli.main()
  File "/home/parth.dave/v19/odoo/odoo/cli/command.py", line 133, in main
    command().run(args)
  File "/home/parth.dave/v19/odoo/odoo/cli/server.py", line 127, in run
    main(args)
  File "/home/parth.dave/v19/odoo/odoo/cli/server.py", line 118, in main
    rc = server.start(preload=config['db_name'], stop=stop)
  File "/home/parth.dave/v19/odoo/odoo/service/server.py", line 1596, in start
    rc = server.run(preload, stop)
  File "/home/parth.dave/v19/odoo/odoo/service/server.py", line 668, in run
    rc = preload_registries(preload)
  File "/home/parth.dave/v19/odoo/odoo/service/server.py", line 1510, in preload_registries
    registry = Registry.new(dbname, update_module=update_module, install_modules=config['init'], upgrade_modules=config['update'], reinit_modules=config['reinit'])
  File "/home/parth.dave/v19/odoo/odoo/tools/func.py", line 88, in locked
    return func(inst, *args, **kwargs)
  File "/home/parth.dave/v19/odoo/odoo/orm/registry.py", line 199, in new
    load_modules(
  File "/home/parth.dave/v19/odoo/odoo/modules/loading.py", line 464, in load_modules
    load_module_graph(
  File "/home/parth.dave/v19/odoo/odoo/modules/loading.py", line 273, in load_module_graph
    module.env.cr.commit()
  File "/home/parth.dave/v19/odoo/odoo/sql_db.py", line 562, in commit
    self.postcommit.run()
  File "/home/parth.dave/v19/odoo/odoo/tools/misc.py", line 1165, in run
    func()
  File "/home/parth.dave/v19/odoo/addons/bus/models/bus.py", line 159, in notify
    with odoo.sql_db.db_connect("postgres").cursor() as cr:
  File "/home/parth.dave/v19/odoo/odoo/sql_db.py", line 763, in cursor
    return Cursor(self.__pool, self.__dbname, self.__dsn)
  File "/home/parth.dave/v19/odoo/odoo/sql_db.py", line 365, in __init__
    self._cnx: PsycoConnection = pool.borrow(dsn)
  File "/home/parth.dave/v19/odoo/odoo/tools/func.py", line 88, in locked
    return func(inst, *args, **kwargs)
  File "/home/parth.dave/v19/odoo/odoo/sql_db.py", line 694, in borrow
    warnings.warn(f"Postgres version is {result.server_version}, lower than minimum required {MIN_PG_VERSION * 10000}")
 
2026-04-27 10:05:25,338 48842 INFO test_migration_db_4 odoo.modules.loading: Module mail loaded in 2.53s, 5063 queries (+5064 other) 
2026-04-27 10:05:25,338 48842 INFO test_migration_db_4 odoo.modules.loading: Loading module web_unsplash (18/45) 
2026-04-27 10:05:25,348 48842 INFO test_migration_db_4 odoo.registry: module web_unsplash: creating or updating database tables 
2026-04-27 10:05:25,387 48842 INFO test_migration_db_4 odoo.modules.loading: loading web_unsplash/views/res_config_settings_view.xml 
2026-04-27 10:05:25,414 48842 INFO test_migration_db_4 odoo.modules.loading: Module web_unsplash loaded in 0.08s, 112 queries (+112 other) 
2026-04-27 10:05:25,414 48842 INFO test_migration_db_4 odoo.modules.loading: Loading module auth_signup (19/45) 
2026-04-27 10:05:25,424 48842 INFO test_migration_db_4 odoo.registry: module auth_signup: creating or updating database tables 
2026-04-27 10:05:25,477 48842 INFO test_migration_db_4 odoo.modules.loading: loading auth_signup/data/ir_config_parameter_data.xml 
2026-04-27 10:05:25,480 48842 INFO test_migration_db_4 odoo.modules.loading: loading auth_signup/data/ir_cron_data.xml 
2026-04-27 10:05:25,494 48842 INFO test_migration_db_4 odoo.modules.loading: loading auth_signup/data/mail_template_data.xml 
2026-04-27 10:05:25,549 48842 INFO test_migration_db_4 odoo.modules.loading: loading auth_signup/views/res_config_settings_views.xml 
2026-04-27 10:05:25,560 48842 INFO test_migration_db_4 odoo.modules.loading: loading auth_signup/views/res_users_views.xml 
2026-04-27 10:05:25,579 48842 INFO test_migration_db_4 odoo.modules.loading: loading auth_signup/views/auth_signup_login_templates.xml 
2026-04-27 10:05:25,594 48842 INFO test_migration_db_4 odoo.modules.loading: loading auth_signup/views/auth_signup_templates_email.xml 
2026-04-27 10:05:25,599 48842 INFO test_migration_db_4 odoo.modules.loading: loading auth_signup/views/webclient_templates.xml 
2026-04-27 10:05:25,618 48842 INFO test_migration_db_4 odoo.modules.loading: Module auth_signup loaded in 0.20s, 255 queries (+255 other) 
2026-04-27 10:05:25,619 48842 INFO test_migration_db_4 odoo.modules.loading: Loading module auth_totp_mail (20/45) 
2026-04-27 10:05:25,626 48842 INFO test_migration_db_4 odoo.registry: module auth_totp_mail: creating or updating database tables 
2026-04-27 10:05:25,657 48842 INFO test_migration_db_4 odoo.modules.loading: loading auth_totp_mail/data/ir_action_data.xml 
2026-04-27 10:05:25,676 48842 INFO test_migration_db_4 odoo.modules.loading: loading auth_totp_mail/data/mail_template_data.xml 
2026-04-27 10:05:25,706 48842 INFO test_migration_db_4 odoo.modules.loading: loading auth_totp_mail/data/security_notifications_template.xml 
2026-04-27 10:05:25,711 48842 INFO test_migration_db_4 odoo.modules.loading: loading auth_totp_mail/views/res_config_settings_views.xml 
2026-04-27 10:05:25,722 48842 INFO test_migration_db_4 odoo.modules.loading: loading auth_totp_mail/views/res_users_views.xml 
2026-04-27 10:05:25,735 48842 INFO test_migration_db_4 odoo.modules.loading: loading auth_totp_mail/views/templates.xml 
2026-04-27 10:05:25,752 48842 INFO test_migration_db_4 odoo.modules.loading: Module auth_totp_mail loaded in 0.13s, 189 queries (+189 other) 
2026-04-27 10:05:25,752 48842 INFO test_migration_db_4 odoo.modules.loading: Loading module base_install_request (21/45) 
2026-04-27 10:05:25,756 48842 INFO test_migration_db_4 odoo.registry: module base_install_request: creating or updating database tables 
2026-04-27 10:05:25,808 48842 INFO test_migration_db_4 odoo.modules.loading: loading base_install_request/security/ir.model.access.csv 
2026-04-27 10:05:25,813 48842 INFO test_migration_db_4 odoo.modules.loading: loading base_install_request/wizard/base_module_install_request_views.xml 
2026-04-27 10:05:25,825 48842 INFO test_migration_db_4 odoo.modules.loading: loading base_install_request/data/mail_template_data.xml 
2026-04-27 10:05:25,830 48842 INFO test_migration_db_4 odoo.modules.loading: loading base_install_request/data/mail_templates_module_install.xml 
2026-04-27 10:05:25,835 48842 INFO test_migration_db_4 odoo.modules.loading: loading base_install_request/views/ir_module_module_views.xml 
2026-04-27 10:05:25,854 48842 INFO test_migration_db_4 odoo.modules.loading: Module base_install_request loaded in 0.10s, 154 queries (+154 other) 
2026-04-27 10:05:25,854 48842 INFO test_migration_db_4 odoo.modules.loading: Loading module calendar (22/45) 
2026-04-27 10:05:25,857 48842 WARNING test_migration_db_4 odoo.addons.calendar.models.calendar_event: `vobject` Python module not found, iCal file generation disabled. Consider installing this module if you want to generate iCal files 
2026-04-27 10:05:25,876 48842 INFO test_migration_db_4 odoo.registry: module calendar: creating or updating database tables 
2026-04-27 10:05:26,128 48842 INFO test_migration_db_4 odoo.modules.loading: loading calendar/security/ir.model.access.csv 
2026-04-27 10:05:26,136 48842 INFO test_migration_db_4 odoo.modules.loading: loading calendar/security/calendar_security.xml 
2026-04-27 10:05:26,147 48842 INFO test_migration_db_4 odoo.modules.loading: loading calendar/data/calendar_cron.xml 
2026-04-27 10:05:26,163 48842 INFO test_migration_db_4 odoo.modules.loading: loading calendar/data/mail_template_data.xml 
2026-04-27 10:05:26,181 48842 INFO test_migration_db_4 odoo.modules.loading: loading calendar/data/calendar_data.xml 
2026-04-27 10:05:26,190 48842 INFO test_migration_db_4 odoo.modules.loading: loading calendar/data/mail_activity_type_data.xml 
2026-04-27 10:05:26,193 48842 INFO test_migration_db_4 odoo.modules.loading: loading calendar/data/mail_message_subtype_data.xml 
2026-04-27 10:05:26,195 48842 INFO test_migration_db_4 odoo.modules.loading: loading calendar/views/mail_activity_views.xml 
2026-04-27 10:05:26,208 48842 INFO test_migration_db_4 odoo.modules.loading: loading calendar/views/calendar_templates.xml 
2026-04-27 10:05:26,212 48842 INFO test_migration_db_4 odoo.modules.loading: loading calendar/views/calendar_views.xml 
2026-04-27 10:05:26,296 48842 INFO test_migration_db_4 odoo.modules.loading: loading calendar/views/res_config_settings_views.xml 
2026-04-27 10:05:26,306 48842 INFO test_migration_db_4 odoo.modules.loading: loading calendar/views/res_partner_views.xml 
2026-04-27 10:05:26,314 48842 INFO test_migration_db_4 odoo.modules.loading: loading calendar/views/res_users_views.xml 
2026-04-27 10:05:26,327 48842 INFO test_migration_db_4 odoo.modules.loading: loading calendar/wizard/calendar_provider_config.xml 
2026-04-27 10:05:26,332 48842 INFO test_migration_db_4 odoo.modules.loading: loading calendar/wizard/calendar_popover_delete_wizard.xml 
2026-04-27 10:05:26,343 48842 INFO test_migration_db_4 odoo.modules.loading: loading calendar/wizard/mail_activity_schedule_views.xml 
2026-04-27 10:05:26,371 48842 INFO test_migration_db_4 odoo.modules.loading: Module calendar loaded in 0.52s, 883 queries (+883 other) 
2026-04-27 10:05:26,371 48842 INFO test_migration_db_4 odoo.modules.loading: Loading module contacts (23/45) 
2026-04-27 10:05:26,382 48842 INFO test_migration_db_4 odoo.registry: module contacts: creating or updating database tables 
2026-04-27 10:05:26,419 48842 INFO test_migration_db_4 odoo.modules.loading: loading contacts/views/contact_views.xml 
2026-04-27 10:05:26,465 48842 INFO test_migration_db_4 odoo.modules.loading: Module contacts loaded in 0.09s, 209 queries (+209 other) 
2026-04-27 10:05:26,465 48842 INFO test_migration_db_4 odoo.modules.loading: Loading module google_gmail (24/45) 
2026-04-27 10:05:26,478 48842 INFO test_migration_db_4 odoo.registry: module google_gmail: creating or updating database tables 
2026-04-27 10:05:26,522 48842 INFO test_migration_db_4 odoo.modules.loading: loading google_gmail/views/fetchmail_server_views.xml 
2026-04-27 10:05:26,533 48842 INFO test_migration_db_4 odoo.modules.loading: loading google_gmail/views/ir_mail_server_views.xml 
2026-04-27 10:05:26,541 48842 INFO test_migration_db_4 odoo.modules.loading: loading google_gmail/views/res_config_settings_views.xml 
2026-04-27 10:05:26,554 48842 INFO test_migration_db_4 odoo.modules.loading: loading google_gmail/views/templates.xml 
2026-04-27 10:05:26,563 48842 INFO test_migration_db_4 odoo.modules.loading: Module google_gmail loaded in 0.10s, 155 queries (+155 other) 
2026-04-27 10:05:26,563 48842 INFO test_migration_db_4 odoo.modules.loading: Loading module iap_mail (25/45) 
2026-04-27 10:05:26,567 48842 INFO test_migration_db_4 odoo.registry: module iap_mail: creating or updating database tables 
2026-04-27 10:05:26,588 48842 INFO test_migration_db_4 odoo.modules.loading: loading iap_mail/data/mail_templates.xml 
2026-04-27 10:05:26,598 48842 INFO test_migration_db_4 odoo.modules.loading: loading iap_mail/views/iap_views.xml 
2026-04-27 10:05:26,611 48842 INFO test_migration_db_4 odoo.modules.loading: Module iap_mail loaded in 0.05s, 70 queries (+70 other) 
2026-04-27 10:05:26,611 48842 INFO test_migration_db_4 odoo.modules.loading: Loading module mail_bot (26/45) 
2026-04-27 10:05:26,620 48842 INFO test_migration_db_4 odoo.registry: module mail_bot: creating or updating database tables 
2026-04-27 10:05:26,655 48842 INFO test_migration_db_4 odoo.modules.loading: loading mail_bot/views/res_users_views.xml 
2026-04-27 10:05:26,667 48842 INFO test_migration_db_4 odoo.modules.loading: loading mail_bot/data/mailbot_data.xml 
2026-04-27 10:05:26,676 48842 INFO test_migration_db_4 odoo.modules.loading: Module mail_bot loaded in 0.06s, 109 queries (+109 other) 
2026-04-27 10:05:26,676 48842 INFO test_migration_db_4 odoo.modules.loading: Loading module microsoft_outlook (27/45) 
2026-04-27 10:05:26,686 48842 INFO test_migration_db_4 odoo.registry: module microsoft_outlook: creating or updating database tables 
2026-04-27 10:05:26,731 48842 INFO test_migration_db_4 odoo.modules.loading: loading microsoft_outlook/views/fetchmail_server_views.xml 
2026-04-27 10:05:26,741 48842 INFO test_migration_db_4 odoo.modules.loading: loading microsoft_outlook/views/ir_mail_server_views.xml 
2026-04-27 10:05:26,749 48842 INFO test_migration_db_4 odoo.modules.loading: loading microsoft_outlook/views/res_config_settings_views.xml 
2026-04-27 10:05:26,767 48842 INFO test_migration_db_4 odoo.modules.loading: loading microsoft_outlook/views/templates.xml 
2026-04-27 10:05:26,776 48842 INFO test_migration_db_4 odoo.modules.loading: Module microsoft_outlook loaded in 0.10s, 158 queries (+158 other) 
2026-04-27 10:05:26,776 48842 INFO test_migration_db_4 odoo.modules.loading: Loading module phone_validation (28/45) 
2026-04-27 10:05:26,836 48842 INFO test_migration_db_4 odoo.registry: module phone_validation: creating or updating database tables 
2026-04-27 10:05:26,853 48842 INFO test_migration_db_4 odoo.models: Prepare computation of res.partner.phone_sanitized 
2026-04-27 10:05:27,414 48842 INFO test_migration_db_4 odoo.modules.loading: loading phone_validation/security/ir.model.access.csv 
2026-04-27 10:05:27,419 48842 INFO test_migration_db_4 odoo.modules.loading: loading phone_validation/views/phone_blacklist_views.xml 
2026-04-27 10:05:27,436 48842 INFO test_migration_db_4 odoo.modules.loading: loading phone_validation/views/res_partner_views.xml 
2026-04-27 10:05:27,444 48842 INFO test_migration_db_4 odoo.modules.loading: loading phone_validation/wizard/phone_blacklist_remove_view.xml 
2026-04-27 10:05:27,458 48842 INFO test_migration_db_4 odoo.modules.loading: Module phone_validation loaded in 0.68s, 1769 queries (+1769 other) 
2026-04-27 10:05:27,458 48842 INFO test_migration_db_4 odoo.modules.loading: Loading module privacy_lookup (29/45) 
2026-04-27 10:05:27,469 48842 INFO test_migration_db_4 odoo.registry: module privacy_lookup: creating or updating database tables 
2026-04-27 10:05:27,554 48842 INFO test_migration_db_4 odoo.modules.loading: loading privacy_lookup/wizard/privacy_lookup_wizard_views.xml 
2026-04-27 10:05:27,587 48842 INFO test_migration_db_4 odoo.modules.loading: loading privacy_lookup/views/privacy_log_views.xml 
2026-04-27 10:05:27,600 48842 INFO test_migration_db_4 odoo.modules.loading: loading privacy_lookup/security/ir.model.access.csv 
2026-04-27 10:05:27,610 48842 INFO test_migration_db_4 odoo.modules.loading: loading privacy_lookup/data/ir_actions_server_data.xml 
2026-04-27 10:05:27,637 48842 INFO test_migration_db_4 odoo.modules.loading: Module privacy_lookup loaded in 0.18s, 296 queries (+296 other) 
2026-04-27 10:05:27,637 48842 INFO test_migration_db_4 odoo.modules.loading: Loading module resource_mail (30/45) 
2026-04-27 10:05:27,642 48842 INFO test_migration_db_4 odoo.registry: module resource_mail: creating or updating database tables 
2026-04-27 10:05:27,668 48842 INFO test_migration_db_4 odoo.modules.loading: Module resource_mail loaded in 0.03s, 36 queries (+36 other) 
2026-04-27 10:05:27,668 48842 INFO test_migration_db_4 odoo.modules.loading: Loading module sales_team (31/45) 
2026-04-27 10:05:27,677 48842 INFO test_migration_db_4 odoo.registry: module sales_team: creating or updating database tables 
2026-04-27 10:05:27,703 48842 INFO test_migration_db_4 odoo.models: Prepare computation of res.users.sale_team_id 
2026-04-27 10:05:27,767 48842 INFO test_migration_db_4 odoo.modules.loading: loading sales_team/security/sales_team_security.xml 
2026-04-27 10:05:27,797 48842 INFO test_migration_db_4 odoo.modules.loading: loading sales_team/security/ir.model.access.csv 
2026-04-27 10:05:27,805 48842 INFO test_migration_db_4 odoo.modules.loading: loading sales_team/data/crm_team_data.xml 
2026-04-27 10:05:27,833 48842 INFO test_migration_db_4 odoo.modules.loading: loading sales_team/views/crm_tag_views.xml 
2026-04-27 10:05:27,844 48842 INFO test_migration_db_4 odoo.modules.loading: loading sales_team/views/crm_team_views.xml 
2026-04-27 10:05:27,867 48842 INFO test_migration_db_4 odoo.modules.loading: loading sales_team/views/crm_team_member_views.xml 
2026-04-27 10:05:27,894 48842 INFO test_migration_db_4 odoo.modules.loading: loading sales_team/views/mail_activity_views.xml 
2026-04-27 10:05:27,905 48842 INFO test_migration_db_4 odoo.modules.loading: Module sales_team loaded in 0.24s, 365 queries (+365 other) 
2026-04-27 10:05:27,905 48842 INFO test_migration_db_4 odoo.modules.loading: Loading module partner_autocomplete (32/45) 
2026-04-27 10:05:27,934 48842 INFO test_migration_db_4 odoo.registry: module partner_autocomplete: creating or updating database tables 
2026-04-27 10:05:27,991 48842 INFO test_migration_db_4 odoo.modules.loading: loading partner_autocomplete/views/res_company_views.xml 
2026-04-27 10:05:28,002 48842 INFO test_migration_db_4 odoo.modules.loading: loading partner_autocomplete/views/res_config_settings_views.xml 
2026-04-27 10:05:28,013 48842 INFO test_migration_db_4 odoo.modules.loading: loading partner_autocomplete/data/iap_service_data.xml 
2026-04-27 10:05:28,021 48842 INFO test_migration_db_4 odoo.modules.loading: Module partner_autocomplete loaded in 0.12s, 144 queries (+144 other) 
2026-04-27 10:05:28,021 48842 INFO test_migration_db_4 odoo.modules.loading: Loading module portal (33/45) 
2026-04-27 10:05:28,044 48842 INFO test_migration_db_4 odoo.registry: module portal: creating or updating database tables 
2026-04-27 10:05:28,204 48842 INFO test_migration_db_4 odoo.modules.loading: loading portal/security/ir.model.access.csv 
2026-04-27 10:05:28,208 48842 INFO test_migration_db_4 odoo.modules.loading: loading portal/data/mail_templates.xml 
2026-04-27 10:05:28,212 48842 INFO test_migration_db_4 odoo.modules.loading: loading portal/views/address_templates.xml 
2026-04-27 10:05:28,233 48842 INFO test_migration_db_4 odoo.modules.loading: loading portal/views/mail_templates_public.xml 
2026-04-27 10:05:28,238 48842 INFO test_migration_db_4 odoo.modules.loading: loading portal/views/portal_templates.xml 
2026-04-27 10:05:28,314 48842 INFO test_migration_db_4 odoo.modules.loading: loading portal/views/res_config_settings_views.xml 
2026-04-27 10:05:28,331 48842 INFO test_migration_db_4 odoo.modules.loading: loading portal/wizard/portal_share_views.xml 
2026-04-27 10:05:28,339 48842 INFO test_migration_db_4 odoo.modules.loading: loading portal/wizard/portal_wizard_views.xml 
2026-04-27 10:05:28,401 48842 INFO test_migration_db_4 odoo.modules.loading: Module portal loaded in 0.38s, 573 queries (+573 other) 
2026-04-27 10:05:28,401 48842 INFO test_migration_db_4 odoo.modules.loading: Loading module sms (34/45) 
2026-04-27 10:05:28,461 48842 INFO test_migration_db_4 odoo.registry: module sms: creating or updating database tables 
2026-04-27 10:05:28,469 48842 INFO test_migration_db_4 odoo.models: Prepare computation of ir.actions.server.sms_template_id 
2026-04-27 10:05:28,469 48842 INFO test_migration_db_4 odoo.models: Prepare computation of ir.actions.server.sms_method 
2026-04-27 10:05:29,172 48842 INFO test_migration_db_4 odoo.modules.loading: loading sms/data/iap_service_data.xml 
2026-04-27 10:05:29,176 48842 INFO test_migration_db_4 odoo.modules.loading: loading sms/data/ir_cron_data.xml 
2026-04-27 10:05:29,191 48842 INFO test_migration_db_4 odoo.modules.loading: loading sms/wizard/sms_account_code_views.xml 
2026-04-27 10:05:29,199 48842 INFO test_migration_db_4 odoo.modules.loading: loading sms/wizard/sms_account_phone_views.xml 
2026-04-27 10:05:29,204 48842 INFO test_migration_db_4 odoo.modules.loading: loading sms/wizard/sms_account_sender_views.xml 
2026-04-27 10:05:29,209 48842 INFO test_migration_db_4 odoo.modules.loading: loading sms/wizard/sms_composer_views.xml 
2026-04-27 10:05:29,217 48842 INFO test_migration_db_4 odoo.modules.loading: loading sms/wizard/sms_template_preview_views.xml 
2026-04-27 10:05:29,224 48842 INFO test_migration_db_4 odoo.modules.loading: loading sms/wizard/sms_template_reset_views.xml 
2026-04-27 10:05:29,231 48842 INFO test_migration_db_4 odoo.modules.loading: loading sms/views/ir_actions_server_views.xml 
2026-04-27 10:05:29,242 48842 INFO test_migration_db_4 odoo.modules.loading: loading sms/views/mail_notification_views.xml 
2026-04-27 10:05:29,254 48842 INFO test_migration_db_4 odoo.modules.loading: loading sms/views/res_config_settings_views.xml 
2026-04-27 10:05:29,265 48842 INFO test_migration_db_4 odoo.modules.loading: loading sms/views/res_partner_views.xml 
2026-04-27 10:05:29,278 48842 INFO test_migration_db_4 odoo.modules.loading: loading sms/views/iap_account_views.xml 
2026-04-27 10:05:29,285 48842 INFO test_migration_db_4 odoo.modules.loading: loading sms/views/sms_sms_views.xml 
2026-04-27 10:05:29,303 48842 INFO test_migration_db_4 odoo.modules.loading: loading sms/views/sms_template_views.xml 
2026-04-27 10:05:29,318 48842 INFO test_migration_db_4 odoo.modules.loading: loading sms/security/ir.model.access.csv 
2026-04-27 10:05:29,337 48842 INFO test_migration_db_4 odoo.modules.loading: loading sms/security/sms_security.xml 
2026-04-27 10:05:29,353 48842 INFO test_migration_db_4 odoo.modules.loading: Module sms loaded in 0.95s, 2222 queries (+2222 other) 
2026-04-27 10:05:29,353 48842 INFO test_migration_db_4 odoo.modules.loading: Loading module snailmail (35/45) 
2026-04-27 10:05:29,425 48842 INFO test_migration_db_4 odoo.registry: module snailmail: creating or updating database tables 
2026-04-27 10:05:29,588 48842 INFO test_migration_db_4 odoo.modules.loading: loading snailmail/data/iap_service_data.xml 
2026-04-27 10:05:29,591 48842 INFO test_migration_db_4 odoo.modules.loading: loading snailmail/data/snailmail_data.xml 
2026-04-27 10:05:29,607 48842 INFO test_migration_db_4 odoo.modules.loading: loading snailmail/views/report_assets.xml 
2026-04-27 10:05:29,617 48842 INFO test_migration_db_4 odoo.modules.loading: loading snailmail/views/snailmail_views.xml 
2026-04-27 10:05:29,631 48842 INFO test_migration_db_4 odoo.modules.loading: loading snailmail/security/ir.model.access.csv 
2026-04-27 10:05:29,647 48842 INFO test_migration_db_4 odoo.modules.loading: Module snailmail loaded in 0.29s, 439 queries (+439 other) 
2026-04-27 10:05:29,648 48842 INFO test_migration_db_4 odoo.modules.loading: Loading module auth_passkey_portal (36/45) 
2026-04-27 10:05:29,655 48842 INFO test_migration_db_4 odoo.modules.loading: loading auth_passkey_portal/views/templates.xml 
2026-04-27 10:05:29,673 48842 INFO test_migration_db_4 odoo.modules.loading: Module auth_passkey_portal loaded in 0.02s, 22 queries (+22 other) 
2026-04-27 10:05:29,673 48842 INFO test_migration_db_4 odoo.modules.loading: Loading module auth_totp_portal (37/45) 
2026-04-27 10:05:29,681 48842 INFO test_migration_db_4 odoo.registry: module auth_totp_portal: creating or updating database tables 
2026-04-27 10:05:29,703 48842 INFO test_migration_db_4 odoo.modules.loading: loading auth_totp_portal/security/security.xml 
2026-04-27 10:05:29,713 48842 INFO test_migration_db_4 odoo.modules.loading: loading auth_totp_portal/views/templates.xml 
2026-04-27 10:05:29,726 48842 INFO test_migration_db_4 odoo.modules.loading: Module auth_totp_portal loaded in 0.05s, 70 queries (+70 other) 
2026-04-27 10:05:29,726 48842 INFO test_migration_db_4 odoo.modules.loading: Loading module calendar_sms (38/45) 
2026-04-27 10:05:29,731 48842 INFO test_migration_db_4 odoo.registry: module calendar_sms: creating or updating database tables 
2026-04-27 10:05:29,734 48842 INFO test_migration_db_4 odoo.models: Prepare computation of calendar.alarm.sms_template_id 
2026-04-27 10:05:29,761 48842 INFO test_migration_db_4 odoo.modules.loading: loading calendar_sms/data/sms_data.xml 
2026-04-27 10:05:29,765 48842 INFO test_migration_db_4 odoo.modules.loading: loading calendar_sms/views/calendar_views.xml 
2026-04-27 10:05:29,791 48842 INFO test_migration_db_4 odoo.modules.loading: Module calendar_sms loaded in 0.07s, 106 queries (+106 other) 
2026-04-27 10:05:29,792 48842 INFO test_migration_db_4 odoo.modules.loading: Loading module digest (39/45) 
2026-04-27 10:05:29,804 48842 INFO test_migration_db_4 odoo.registry: module digest: creating or updating database tables 
2026-04-27 10:05:29,894 48842 INFO test_migration_db_4 odoo.modules.loading: loading digest/security/ir.model.access.csv 
2026-04-27 10:05:29,899 48842 INFO test_migration_db_4 odoo.modules.loading: loading digest/data/digest_data.xml 
2026-04-27 10:05:29,918 48842 INFO test_migration_db_4 odoo.modules.loading: loading digest/data/digest_tips_data.xml 
2026-04-27 10:05:29,934 48842 INFO test_migration_db_4 odoo.modules.loading: loading digest/data/ir_cron_data.xml 
2026-04-27 10:05:29,948 48842 INFO test_migration_db_4 odoo.modules.loading: loading digest/data/res_config_settings_data.xml 
2026-04-27 10:05:29,952 48842 INFO test_migration_db_4 odoo.modules.loading: loading digest/views/digest_views.xml 
2026-04-27 10:05:29,982 48842 INFO test_migration_db_4 odoo.modules.loading: loading digest/views/digest_templates.xml 
2026-04-27 10:05:29,986 48842 INFO test_migration_db_4 odoo.modules.loading: loading digest/views/res_config_settings_views.xml 
2026-04-27 10:05:30,011 48842 INFO test_migration_db_4 odoo.modules.loading: Module digest loaded in 0.22s, 326 queries (+326 other) 
2026-04-27 10:05:30,011 48842 INFO test_migration_db_4 odoo.modules.loading: Loading module crm (40/45) 
2026-04-27 10:05:30,037 48842 INFO test_migration_db_4 odoo.registry: module crm: creating or updating database tables 
2026-04-27 10:05:30,259 48842 INFO test_migration_db_4 odoo.addons.mail.models.mail_alias_mixin: Mail alias created for crm.team Sales (id 1) 
2026-04-27 10:05:30,260 48842 INFO test_migration_db_4 odoo.addons.mail.models.mail_alias_mixin: Mail alias created for crm.team Point of Sale (id 3) 
2026-04-27 10:05:30,261 48842 INFO test_migration_db_4 odoo.addons.mail.models.mail_alias_mixin: Mail alias created for crm.team Website (id 2) 
2026-04-27 10:05:30,451 48842 INFO test_migration_db_4 odoo.modules.loading: loading crm/security/crm_security.xml 
2026-04-27 10:05:30,474 48842 INFO test_migration_db_4 odoo.modules.loading: loading crm/security/ir.model.access.csv 
2026-04-27 10:05:30,486 48842 INFO test_migration_db_4 odoo.modules.loading: loading crm/data/crm_lead_merge_template.xml 
2026-04-27 10:05:30,493 48842 INFO test_migration_db_4 odoo.modules.loading: loading crm/data/crm_lead_prediction_data.xml 
2026-04-27 10:05:30,532 48842 INFO test_migration_db_4 odoo.modules.loading: loading crm/data/crm_lost_reason_data.xml 
2026-04-27 10:05:30,537 48842 INFO test_migration_db_4 odoo.modules.loading: loading crm/data/crm_stage_data.xml 
2026-04-27 10:05:30,543 48842 INFO test_migration_db_4 odoo.modules.loading: loading crm/data/crm_team_data.xml 
2026-04-27 10:05:30,555 48842 INFO test_migration_db_4 odoo.modules.loading: loading crm/data/digest_data.xml 
2026-04-27 10:05:30,565 48842 INFO test_migration_db_4 odoo.modules.loading: loading crm/data/ir_action_data.xml 
2026-04-27 10:05:30,577 48842 INFO test_migration_db_4 odoo.modules.loading: loading crm/data/ir_cron_data.xml 
2026-04-27 10:05:30,588 48842 INFO test_migration_db_4 odoo.modules.loading: loading crm/data/mail_message_subtype_data.xml 
2026-04-27 10:05:30,599 48842 INFO test_migration_db_4 odoo.modules.loading: loading crm/data/crm_recurring_plan_data.xml 
2026-04-27 10:05:30,604 48842 INFO test_migration_db_4 odoo.modules.loading: loading crm/data/crm_tour.xml 
2026-04-27 10:05:30,608 48842 INFO test_migration_db_4 odoo.modules.loading: loading crm/wizard/crm_lead_lost_views.xml 
2026-04-27 10:05:30,615 48842 INFO test_migration_db_4 odoo.modules.loading: loading crm/wizard/crm_lead_to_opportunity_views.xml 
2026-04-27 10:05:30,625 48842 INFO test_migration_db_4 odoo.modules.loading: loading crm/wizard/crm_lead_to_opportunity_mass_views.xml 
2026-04-27 10:05:30,633 48842 INFO test_migration_db_4 odoo.modules.loading: loading crm/wizard/crm_merge_opportunities_views.xml 
2026-04-27 10:05:30,641 48842 INFO test_migration_db_4 odoo.modules.loading: loading crm/wizard/crm_lead_pls_update_views.xml 
2026-04-27 10:05:30,649 48842 INFO test_migration_db_4 odoo.modules.loading: loading crm/views/calendar_views.xml 
2026-04-27 10:05:30,657 48842 INFO test_migration_db_4 odoo.modules.loading: loading crm/views/crm_recurring_plan_views.xml 
2026-04-27 10:05:30,669 48842 INFO test_migration_db_4 odoo.modules.loading: loading crm/views/crm_lost_reason_views.xml 
2026-04-27 10:05:30,683 48842 INFO test_migration_db_4 odoo.modules.loading: loading crm/views/crm_stage_views.xml 
2026-04-27 10:05:30,699 48842 INFO test_migration_db_4 odoo.modules.loading: loading crm/views/crm_lead_views.xml 
2026-04-27 10:05:30,828 48842 INFO test_migration_db_4 odoo.modules.loading: loading crm/views/crm_team_member_views.xml 
2026-04-27 10:05:30,859 48842 INFO test_migration_db_4 odoo.modules.loading: loading crm/views/digest_views.xml 
2026-04-27 10:05:30,868 48842 INFO test_migration_db_4 odoo.modules.loading: loading crm/views/mail_activity_plan_views.xml 
2026-04-27 10:05:30,871 48842 INFO test_migration_db_4 odoo.modules.loading: loading crm/views/mail_activity_views.xml 
2026-04-27 10:05:30,874 48842 INFO test_migration_db_4 odoo.modules.loading: loading crm/views/res_config_settings_views.xml 
2026-04-27 10:05:30,891 48842 INFO test_migration_db_4 odoo.modules.loading: loading crm/views/res_partner_views.xml 
2026-04-27 10:05:30,902 48842 INFO test_migration_db_4 odoo.modules.loading: loading crm/views/utm_campaign_views.xml 
2026-04-27 10:05:30,914 48842 INFO test_migration_db_4 odoo.modules.loading: loading crm/report/crm_activity_report_views.xml 
2026-04-27 10:05:30,931 48842 INFO test_migration_db_4 odoo.modules.loading: loading crm/report/crm_opportunity_report_views.xml 
2026-04-27 10:05:30,971 48842 INFO test_migration_db_4 odoo.modules.loading: loading crm/views/crm_team_views.xml 
2026-04-27 10:05:31,013 48842 INFO test_migration_db_4 odoo.modules.loading: loading crm/views/crm_menu_views.xml 
2026-04-27 10:05:31,073 48842 INFO test_migration_db_4 odoo.modules.loading: loading crm/views/crm_helper_templates.xml 
2026-04-27 10:05:31,109 48842 INFO test_migration_db_4 odoo.modules.loading: Module crm loaded in 1.10s, 2009 queries (+2009 other) 
2026-04-27 10:05:31,109 48842 INFO test_migration_db_4 odoo.modules.loading: Loading module crm_sms (41/45) 
2026-04-27 10:05:31,120 48842 INFO test_migration_db_4 odoo.modules.loading: loading crm_sms/views/crm_lead_views.xml 
2026-04-27 10:05:31,161 48842 INFO test_migration_db_4 odoo.modules.loading: loading crm_sms/security/ir.model.access.csv 
2026-04-27 10:05:31,167 48842 INFO test_migration_db_4 odoo.modules.loading: loading crm_sms/security/sms_security.xml 
2026-04-27 10:05:31,178 48842 INFO test_migration_db_4 odoo.modules.loading: Module crm_sms loaded in 0.07s, 85 queries (+85 other) 
2026-04-27 10:05:31,178 48842 INFO test_migration_db_4 odoo.modules.loading: Loading module helpdesk_mgmt (42/45) 
2026-04-27 10:05:31,179 48842 WARNING test_migration_db_4 py.warnings: /home/parth.dave/v19/odoo/odoo/osv/__init__.py:4: DeprecationWarning: Since 19.0, odoo.osv is deprecated use odoo.fields.Domain
  File "/home/parth.dave/v19/odoo/odoo-bin", line 6, in <module>
    odoo.cli.main()
  File "/home/parth.dave/v19/odoo/odoo/cli/command.py", line 133, in main
    command().run(args)
  File "/home/parth.dave/v19/odoo/odoo/cli/server.py", line 127, in run
    main(args)
  File "/home/parth.dave/v19/odoo/odoo/cli/server.py", line 118, in main
    rc = server.start(preload=config['db_name'], stop=stop)
  File "/home/parth.dave/v19/odoo/odoo/service/server.py", line 1596, in start
    rc = server.run(preload, stop)
  File "/home/parth.dave/v19/odoo/odoo/service/server.py", line 668, in run
    rc = preload_registries(preload)
  File "/home/parth.dave/v19/odoo/odoo/service/server.py", line 1510, in preload_registries
    registry = Registry.new(dbname, update_module=update_module, install_modules=config['init'], upgrade_modules=config['update'], reinit_modules=config['reinit'])
  File "/home/parth.dave/v19/odoo/odoo/tools/func.py", line 88, in locked
    return func(inst, *args, **kwargs)
  File "/home/parth.dave/v19/odoo/odoo/orm/registry.py", line 199, in new
    load_modules(
  File "/home/parth.dave/v19/odoo/odoo/modules/loading.py", line 464, in load_modules
    load_module_graph(
  File "/home/parth.dave/v19/odoo/odoo/modules/loading.py", line 178, in load_module_graph
    load_openerp_module(package.name)
  File "/home/parth.dave/v19/odoo/odoo/modules/module.py", line 505, in load_openerp_module
    __import__(qualname)
  File "/home/parth.dave/v19/custom_modules/test_project/helpdesk_mgmt/__init__.py", line 1, in <module>
    from . import controllers
  File "/home/parth.dave/v19/custom_modules/test_project/helpdesk_mgmt/controllers/__init__.py", line 2, in <module>
    from . import myaccount
  File "/home/parth.dave/v19/custom_modules/test_project/helpdesk_mgmt/controllers/myaccount.py", line 9, in <module>
    from odoo.osv.expression import AND, OR
  File "/home/parth.dave/v19/odoo/odoo/osv/__init__.py", line 4, in <module>
    warnings.warn("Since 19.0, odoo.osv is deprecated use odoo.fields.Domain", DeprecationWarning)
 
2026-04-27 10:05:31,202 48842 INFO test_migration_db_4 odoo.registry: module helpdesk_mgmt: creating or updating database tables 
2026-04-27 10:05:31,441 48842 INFO test_migration_db_4 odoo.modules.loading: loading helpdesk_mgmt/data/helpdesk_data.xml 
2026-04-27 10:05:31,468 48842 INFO test_migration_db_4 odoo.modules.loading: loading helpdesk_mgmt/security/helpdesk_security.xml 
2026-04-27 10:05:31,473 48842 WARNING test_migration_db_4 odoo.modules.loading: Transient module states were reset 
2026-04-27 10:05:31,474 48842 ERROR test_migration_db_4 odoo.registry: Failed to load registry 
2026-04-27 10:05:31,474 48842 CRITICAL test_migration_db_4 odoo.service.server: Failed to initialize database `test_migration_db_4`. 
Traceback (most recent call last):
  File "/home/parth.dave/v19/odoo/odoo/tools/convert.py", line 605, in _tag_root
    f(rec)
  File "/home/parth.dave/v19/odoo/odoo/tools/convert.py", line 460, in _tag_record
    record = model._load_records([data], self.mode == 'update')
             ^^^^^^^^^^^^^^^^^^^^^^^^^^^^^^^^^^^^^^^^^^^^^^^^^^
  File "/home/parth.dave/v19/odoo/odoo/orm/models.py", line 5194, in _load_records
    records = self._load_records_create([data['values'] for data in to_create])
              ^^^^^^^^^^^^^^^^^^^^^^^^^^^^^^^^^^^^^^^^^^^^^^^^^^^^^^^^^^^^^^^^^
  File "/home/parth.dave/v19/odoo/odoo/orm/models.py", line 5101, in _load_records_create
    records = self.create(vals_list)
              ^^^^^^^^^^^^^^^^^^^^^^
  File "/home/parth.dave/v19/odoo/odoo/orm/decorators.py", line 365, in create
    return method(self, vals_list)
           ^^^^^^^^^^^^^^^^^^^^^^^
  File "/home/parth.dave/v19/odoo/odoo/addons/base/models/res_groups.py", line 295, in create
    groups = super().create(vals_list)
             ^^^^^^^^^^^^^^^^^^^^^^^^^
  File "/home/parth.dave/v19/odoo/odoo/orm/decorators.py", line 365, in create
    return method(self, vals_list)
           ^^^^^^^^^^^^^^^^^^^^^^^
  File "/home/parth.dave/v19/odoo/odoo/orm/models.py", line 4654, in create
    raise ValueError(f"Invalid field {field_name!r} in {self._name!r}")
ValueError: Invalid field 'category_id' in 'res.groups'

The above exception was the direct cause of the following exception:

Traceback (most recent call last):
  File "/home/parth.dave/v19/odoo/odoo/service/server.py", line 1510, in preload_registries
    registry = Registry.new(dbname, update_module=update_module, install_modules=config['init'], upgrade_modules=config['update'], reinit_modules=config['reinit'])
               ^^^^^^^^^^^^^^^^^^^^^^^^^^^^^^^^^^^^^^^^^^^^^^^^^^^^^^^^^^^^^^^^^^^^^^^^^^^^^^^^^^^^^^^^^^^^^^^^^^^^^^^^^^^^^^^^^^^^^^^^^^^^^^^^^^^^^^^^^^^^^^^^^^^^
  File "/home/parth.dave/v19/odoo/odoo/tools/func.py", line 88, in locked
    return func(inst, *args, **kwargs)
           ^^^^^^^^^^^^^^^^^^^^^^^^^^^
  File "/home/parth.dave/v19/odoo/odoo/orm/registry.py", line 199, in new
    load_modules(
  File "/home/parth.dave/v19/odoo/odoo/modules/loading.py", line 464, in load_modules
    load_module_graph(
  File "/home/parth.dave/v19/odoo/odoo/modules/loading.py", line 217, in load_module_graph
    load_data(env, idref, 'init', kind='data', package=package)
  File "/home/parth.dave/v19/odoo/odoo/modules/loading.py", line 59, in load_data
    convert_file(env, package.name, filename, idref, mode, noupdate=kind == 'demo')
  File "/home/parth.dave/v19/odoo/odoo/tools/convert.py", line 693, in convert_file
    convert_xml_import(env, module, fp, idref, mode, noupdate)
  File "/home/parth.dave/v19/odoo/odoo/tools/convert.py", line 792, in convert_xml_import
    obj.parse(doc.getroot())
  File "/home/parth.dave/v19/odoo/odoo/tools/convert.py", line 663, in parse
    self._tag_root(de)
  File "/home/parth.dave/v19/odoo/odoo/tools/convert.py", line 605, in _tag_root
    f(rec)
  File "/home/parth.dave/v19/odoo/odoo/tools/convert.py", line 618, in _tag_root
    raise ParseError('while parsing %s:%s, somewhere inside\n%s' % (
odoo.tools.convert.ParseError: while parsing /home/parth.dave/v19/custom_modules/test_project/helpdesk_mgmt/security/helpdesk_security.xml:4, somewhere inside
<record id="group_helpdesk_user_own" model="res.groups">
            <field name="name">User: Personal tickets</field>
            <field name="category_id" ref="module_helpdesk_category"/>
            <field name="implied_ids" eval="[(4, ref('base.group_user'))]"/>
        </record>
2026-04-27 10:05:31,476 48842 INFO test_migration_db_4 odoo.service.server: Initiating shutdown 
2026-04-27 10:05:31,476 48842 INFO test_migration_db_4 odoo.service.server: Hit CTRL-C again or send a second signal to force the shutdown. 
2026-04-27 10:05:31,476 48842 INFO test_migration_db_4 odoo.sql_db: ConnectionPool(read/write;used=0/count=0/max=64): Closed 1 connections  
